 hello

 Timestamp is 5c46c771 (Tue Jan 22 14:34:09 2019)

 Preferred load address is 0000000180000000

 Start         Length     Name                   Class
 0001:00000000 0000ddb0H .text$mn                CODE
 0001:0000ddb0 00000020H .text$mn$00             CODE
 0001:0000ddd0 000003d0H .text$x                 CODE
 0002:00000000 00000250H .idata$5                DATA
 0002:00000250 00000010H .00cfg                  DATA
 0002:00000260 00000008H .CRT$XCA                DATA
 0002:00000268 00000008H .CRT$XCU                DATA
 0002:00000270 00000008H .CRT$XCZ                DATA
 0002:00000278 00000008H .CRT$XIA                DATA
 0002:00000280 00000018H .CRT$XIC                DATA
 0002:00000298 00000008H .CRT$XIZ                DATA
 0002:000002a0 00000008H .CRT$XPA                DATA
 0002:000002a8 00000010H .CRT$XPX                DATA
 0002:000002b8 00000008H .CRT$XPXA               DATA
 0002:000002c0 00000008H .CRT$XPZ                DATA
 0002:000002c8 00000008H .CRT$XTA                DATA
 0002:000002d0 00000010H .CRT$XTZ                DATA
 0002:000002d8 00000000H .gfids$y                DATA
 0002:000002e0 00007370H .rdata                  DATA
 0002:00007650 0000016cH .rdata$r                DATA
 0002:000077bc 000003a4H .rdata$zzzdbg           DATA
 0002:00007b60 00000008H .rtc$IAA                DATA
 0002:00007b68 00000008H .rtc$IZZ                DATA
 0002:00007b70 00000008H .rtc$TAA                DATA
 0002:00007b78 00000008H .rtc$TZZ                DATA
 0002:00007b80 00000e28H .xdata                  DATA
 0002:000089a8 00000084H .xdata$x                DATA
 0002:00008a2c 00000020H .didat$2                DATA
 0002:00008a4c 00000024H .didat$3                DATA
 0002:00008a70 000000c0H .didat$4                DATA
 0002:00008b30 00000638H .didat$6                DATA
 0002:00009168 000000c8H .didat$7                DATA
 0002:00009230 00000050H .edata                  DATA
 0002:00009280 00000014H .idata$2                DATA
 0002:00009294 00000014H .idata$3                DATA
 0002:000092a8 00000250H .idata$4                DATA
 0002:000094f8 0000055eH .idata$6                DATA
 0003:00000000 00000910H .data                   DATA
 0003:00000910 00000070H .data$r                 DATA
 0003:00000980 000000c0H .didat$5                DATA
 0003:00000a40 00001200H .bss                    DATA
 0004:00000000 00001080H .pdata                  DATA
 0005:00000000 00000060H .rsrc$01                DATA
 0005:00000060 00000180H .rsrc$02                DATA

  Address         Publics by Value              Rva+Base               Lib:Object

 0000:00000000       __hybrid_code_map_count    0000000000000000     <absolute>
 0000:00000000       __hybrid_code_map          0000000000000000     <absolute>
 0000:00000000       __guard_iat_count          0000000000000000     <absolute>
 0000:00000000       __volatile_metadata        0000000000000000     <absolute>
 0000:00000000       __guard_longjmp_count      0000000000000000     <absolute>
 0000:00000000       __guard_longjmp_table      0000000000000000     <absolute>
 0000:00000000       __guard_iat_table          0000000000000000     <absolute>
 0000:00000000       __guard_fids_count         0000000000000000     <absolute>
 0000:00000000       ___safe_se_handler_count   0000000000000000     <absolute>
 0000:00000000       __enclave_config           0000000000000000     <absolute>
 0000:00000000       ___safe_se_handler_table   0000000000000000     <absolute>
 0000:00000000       __guard_fids_table         0000000000000000     <absolute>
 0000:00000000       __hybrid_auxiliary_iat     0000000000000000     <absolute>
 0000:00000000       __dynamic_value_reloc_table 0000000000000000     <absolute>
 0000:00000100       __guard_flags              0000000000000100     <absolute>
 0000:00000000       __ImageBase                0000000180000000     <linker-defined>
 0001:000000d0       ?Fill@@YAXAEBV?$FunctionCallbackInfo@VValue@v8@@@Nan@@@Z 00000001800010d0 f   hello.obj
 0001:00000200       ?Init@@YAXV?$Local@VObject@v8@@@v8@@@Z 0000000180001200 f   hello.obj
 0001:0000040c       __imp_load_?Value@External@v8@@QEBAPEAXXZ 000000018000140c f   node:node.exe
 0001:00000418       __tailMerge_node_exe       0000000180001418     node:node.exe
 0001:00000491       __imp_load_?New@External@v8@@SA?AV?$Local@VExternal@v8@@@2@PEAVIsolate@2@PEAX@Z 0000000180001491 f   node:node.exe
 0001:0000049d       __imp_load_?NewFromUnsigned@Integer@v8@@SA?AV?$Local@VInteger@v8@@@2@PEAVIsolate@2@I@Z 000000018000149d f   node:node.exe
 0001:000004a9       __imp_load_?GetCurrentContext@Isolate@v8@@QEAA?AV?$Local@VContext@v8@@@2@XZ 00000001800014a9 f   node:node.exe
 0001:000004b5       __imp_load_?GetCurrent@Isolate@v8@@SAPEAV12@XZ 00000001800014b5 f   node:node.exe
 0001:000004c1       __imp_load_?CreateHandle@HandleScope@v8@@CAPEAPEAVObject@internal@2@PEAVHeapObject@42@PEAV342@@Z 00000001800014c1 f   node:node.exe
 0001:000004cd       __imp_load_??1HandleScope@v8@@QEAA@XZ 00000001800014cd f   node:node.exe
 0001:000004d9       __imp_load_?Length@Array@v8@@QEBAIXZ 00000001800014d9 f   node:node.exe
 0001:000004e5       __imp_load_?GetFunction@FunctionTemplate@v8@@QEAA?AV?$Local@VFunction@v8@@@2@XZ 00000001800014e5 f   node:node.exe
 0001:000004f1       __imp_load_?New@FunctionTemplate@v8@@SA?AV?$Local@VFunctionTemplate@v8@@@2@PEAVIsolate@2@P6AXAEBV?$FunctionCallbackInfo@VValue@v8@@@2@@ZV?$Local@VValue@v8@@@2@V?$Local@VSignature@v8@@@2@HW4ConstructorBehavior@2@@Z 00000001800014f1 f   node:node.exe
 0001:000004fd       __imp_load_?ToLocalEmpty@V8@v8@@CAXXZ 00000001800014fd f   node:node.exe
 0001:00000509       __imp_load_?ToUint32@Value@v8@@QEBA?AV?$MaybeLocal@VUint32@v8@@@2@V?$Local@VContext@v8@@@2@@Z 0000000180001509 f   node:node.exe
 0001:00000515       __imp_load_?Escape@EscapableHandleScope@v8@@AEAAPEAPEAVObject@internal@2@PEAPEAV342@@Z 0000000180001515 f   node:node.exe
 0001:00000521       __imp_load_??0EscapableHandleScope@v8@@QEAA@PEAVIsolate@1@@Z 0000000180001521 f   node:node.exe
 0001:0000052d       __imp_load_?NewFromUtf8@String@v8@@SA?AV?$MaybeLocal@VString@v8@@@2@PEAVIsolate@2@PEBDW4NewStringType@2@H@Z 000000018000152d f   node:node.exe
 0001:00000539       __imp_load_?SlowGetInternalField@Object@v8@@AEAA?AV?$Local@VValue@v8@@@2@H@Z 0000000180001539 f   node:node.exe
 0001:00000545       __imp_load_?SetInternalField@Object@v8@@QEAAXHV?$Local@VValue@v8@@@2@@Z 0000000180001545 f   node:node.exe
 0001:00000551       __imp_load_?Set@Object@v8@@QEAA_NV?$Local@VValue@v8@@@2@0@Z 0000000180001551 f   node:node.exe
 0001:0000055d       __imp_load_?Set@Object@v8@@QEAA_NIV?$Local@VValue@v8@@@2@@Z 000000018000155d f   node:node.exe
 0001:00000569       __imp_load_?SetInternalFieldCount@ObjectTemplate@v8@@QEAAXH@Z 0000000180001569 f   node:node.exe
 0001:00000575       __imp_load_?NewInstance@ObjectTemplate@v8@@QEAA?AV?$MaybeLocal@VObject@v8@@@2@V?$Local@VContext@v8@@@2@@Z 0000000180001575 f   node:node.exe
 0001:00000581       __imp_load_?New@ObjectTemplate@v8@@SA?AV?$Local@VObjectTemplate@v8@@@2@PEAVIsolate@2@V?$Local@VFunctionTemplate@v8@@@2@@Z 0000000180001581 f   node:node.exe
 0001:0000058d       __imp_load_node_module_register 000000018000158d f   node:node.exe
 0001:000005b0       __security_check_cookie    00000001800015b0 f   LIBCMT:_amdsecgs_.obj
 0001:00000904       _DllMainCRTStartup         0000000180001904 f   LIBCMT:dll_dllmain.obj
 0001:00000944       __raise_securityfailure    0000000180001944 f   LIBCMT:gs_report.obj
 0001:00000978       __report_gsfailure         0000000180001978 f   LIBCMT:gs_report.obj
 0001:00000a4c       __report_rangecheckfailure 0000000180001a4c f   LIBCMT:gs_report.obj
 0001:00000a60       __report_securityfailure   0000000180001a60 f   LIBCMT:gs_report.obj
 0001:00000be0       __security_init_cookie     0000000180001be0 f   LIBCMT:gs_support.obj
 0001:00000c8c       DllMain                    0000000180001c8c f   LIBCMT:dll_dllmain_stub.obj
 0001:00000c8c       _get_startup_argv_mode     0000000180001c8c f   LIBCMT:argv_mode.obj
 0001:00000c94       ?__scrt_initialize_type_info@@YAXXZ 0000000180001c94 f   LIBCMT:tncleanup.obj
 0001:00000ca4       ?__scrt_uninitialize_type_info@@YAXXZ 0000000180001ca4 f   LIBCMT:tncleanup.obj
 0001:00000cb0       __local_stdio_printf_options 0000000180001cb0 f i LIBCMT:default_local_stdio_options.obj
 0001:00000cb8       __local_stdio_scanf_options 0000000180001cb8 f i LIBCMT:default_local_stdio_options.obj
 0001:00000cc0       __scrt_initialize_default_local_stdio_options 0000000180001cc0 f   LIBCMT:default_local_stdio_options.obj
 0001:00000cdc       __scrt_acquire_startup_lock 0000000180001cdc f   LIBCMT:utility.obj
 0001:00000d18       __scrt_dllmain_after_initialize_c 0000000180001d18 f   LIBCMT:utility.obj
 0001:00000d4c       __scrt_dllmain_before_initialize_c 0000000180001d4c f   LIBCMT:utility.obj
 0001:00000d64       __scrt_dllmain_crt_thread_attach 0000000180001d64 f   LIBCMT:utility.obj
 0001:00000d8c       __scrt_dllmain_crt_thread_detach 0000000180001d8c f   LIBCMT:utility.obj
 0001:00000da4       __scrt_dllmain_exception_filter 0000000180001da4 f   LIBCMT:utility.obj
 0001:00000e04       __scrt_dllmain_uninitialize_c 0000000180001e04 f   LIBCMT:utility.obj
 0001:00000e34       __scrt_dllmain_uninitialize_critical 0000000180001e34 f   LIBCMT:utility.obj
 0001:00000e48       __scrt_initialize_crt      0000000180001e48 f   LIBCMT:utility.obj
 0001:00000e94       __scrt_initialize_onexit_tables 0000000180001e94 f   LIBCMT:utility.obj
 0001:00000f6c       __scrt_is_nonwritable_in_current_image 0000000180001f6c f   LIBCMT:utility.obj
 0001:00001008       __scrt_release_startup_lock 0000000180002008 f   LIBCMT:utility.obj
 0001:0000102c       __scrt_uninitialize_crt    000000018000202c f   LIBCMT:utility.obj
 0001:00001058       __scrt_get_dyn_tls_init_callback 0000000180002058 f   LIBCMT:dyn_tls_init.obj
 0001:00001060       __crt_debugger_hook        0000000180002060 f   LIBCMT:utility_desktop.obj
 0001:00001068       __scrt_fastfail            0000000180002068 f   LIBCMT:utility_desktop.obj
 0001:000011b4       _RTC_Initialize            00000001800021b4 f   LIBCMT:_initsect_.obj
 0001:000011f0       _RTC_Terminate             00000001800021f0 f   LIBCMT:_initsect_.obj
 0001:0000122c       _guard_check_icall_nop     000000018000222c f i LIBCMT:guard_support.obj
 0001:00001230       __isa_available_init       0000000180002230 f   LIBCMT:_cpu_disp_.obj
 0001:000013ec       __scrt_is_ucrt_dll_in_use  00000001800023ec f   LIBCMT:ucrt_detection.obj
 0001:00001400       __C_specific_handler       0000000180002400 f   libvcruntime:_riscchandler_.obj
 0001:0000160c       __std_type_info_compare    000000018000260c f   libvcruntime:std_type_info.obj
 0001:00001634       __std_type_info_destroy_list 0000000180002634 f   libvcruntime:std_type_info.obj
 0001:00001660       __vcrt_initialize          0000000180002660 f   libvcruntime:initialization.obj
 0001:00001694       __vcrt_thread_attach       0000000180002694 f   libvcruntime:initialization.obj
 0001:000016a8       __vcrt_thread_detach       00000001800026a8 f   libvcruntime:initialization.obj
 0001:000016bc       __vcrt_uninitialize        00000001800026bc f   libvcruntime:initialization.obj
 0001:000016dc       __vcrt_uninitialize_critical 00000001800026dc f   libvcruntime:initialization.obj
 0001:00001700       memset_repmovs             0000000180002700 f   libvcruntime:memset.obj
 0001:00001720       memset                     0000000180002720 f   libvcruntime:memset.obj
 0001:000018c0       _NLG_Notify                00000001800028c0 f   libvcruntime:_notify_.obj
 0001:000018e0       __NLG_Dispatch2            00000001800028e0 f   libvcruntime:_notify_.obj
 0001:000018f0       __NLG_Return2              00000001800028f0 f   libvcruntime:_notify_.obj
 0001:000018f4       __except_validate_context_record 00000001800028f4 f   libvcruntime:jbcxrval.obj
 0001:0000192c       __DestructExceptionObject  000000018000292c f   libvcruntime:ehhelpers.obj
 0001:000019a0       ?_CallMemberFunction0@@YAXQEAX0@Z 00000001800029a0 f i libvcruntime:ehhelpers.obj
 0001:000019a4       _IsExceptionObjectToBeDestroyed 00000001800029a4 f   libvcruntime:ehhelpers.obj
 0001:000019d4       __AdjustPointer            00000001800029d4 f   libvcruntime:ehhelpers.obj
 0001:000019f8       __FrameUnwindFilter        00000001800029f8 f   libvcruntime:ehhelpers.obj
 0001:00001a44       __vcrt_freefls             0000000180002a44 f   libvcruntime:per_thread_data.obj
 0001:00001a64       __vcrt_freeptd             0000000180002a64 f   libvcruntime:per_thread_data.obj
 0001:00001ab4       __vcrt_getptd              0000000180002ab4 f   libvcruntime:per_thread_data.obj
 0001:00001ad0       __vcrt_getptd_noexit       0000000180002ad0 f   libvcruntime:per_thread_data.obj
 0001:00001b9c       __vcrt_initialize_ptd      0000000180002b9c f   libvcruntime:per_thread_data.obj
 0001:00001bf0       __vcrt_uninitialize_ptd    0000000180002bf0 f   libvcruntime:per_thread_data.obj
 0001:00001c14       __vcrt_initialize_locks    0000000180002c14 f   libvcruntime:locks.obj
 0001:00001c5c       __vcrt_uninitialize_locks  0000000180002c5c f   libvcruntime:locks.obj
 0001:00001e6c       __vcrt_FlsAlloc            0000000180002e6c f   libvcruntime:winapi_downlevel.obj
 0001:00001eb4       __vcrt_FlsFree             0000000180002eb4 f   libvcruntime:winapi_downlevel.obj
 0001:00001efc       __vcrt_FlsGetValue         0000000180002efc f   libvcruntime:winapi_downlevel.obj
 0001:00001f44       __vcrt_FlsSetValue         0000000180002f44 f   libvcruntime:winapi_downlevel.obj
 0001:00001f98       __vcrt_InitializeCriticalSectionEx 0000000180002f98 f   libvcruntime:winapi_downlevel.obj
 0001:00001ffc       __vcrt_initialize_winapi_thunks 0000000180002ffc f   libvcruntime:winapi_downlevel.obj
 0001:0000202c       __vcrt_uninitialize_winapi_thunks 000000018000302c f   libvcruntime:winapi_downlevel.obj
 0001:0000206c       __vcrt_initialize_pure_virtual_call_handler 000000018000306c f   libvcruntime:purevirt_data.obj
 0001:0000207c       ??$_CallSETranslator@V__FrameHandler3@@@@YAHPEAUEHExceptionRecord@@PEA_KPEAU_CONTEXT@@PEAU_xDISPATCHER_CONTEXT@@PEBU_s_FuncInfo@@K1@Z 000000018000307c f i libvcruntime:risctrnsctrl.obj
 0001:000020d0       ?CatchTryBlock@__FrameHandler3@@SAPEBU_s_TryBlockMapEntry@@PEBU_s_FuncInfo@@H@Z 00000001800030d0 f   libvcruntime:risctrnsctrl.obj
 0001:00002128       ?ExecutionInCatch@__FrameHandler3@@SA_NPEAU_xDISPATCHER_CONTEXT@@PEBU_s_FuncInfo@@@Z 0000000180003128 f   libvcruntime:risctrnsctrl.obj
 0001:00002154       ?FrameUnwindToEmptyState@__FrameHandler3@@SAXPEA_KPEAU_xDISPATCHER_CONTEXT@@PEBU_s_FuncInfo@@@Z 0000000180003154 f   libvcruntime:risctrnsctrl.obj
 0001:000021b8       ?GetEstablisherFrame@__FrameHandler3@@SAPEA_KPEA_KPEAU_xDISPATCHER_CONTEXT@@PEBU_s_FuncInfo@@0@Z 00000001800031b8 f   libvcruntime:risctrnsctrl.obj
 0001:00002284       ?GetRangeOfTrysToCheck@__FrameHandler3@@SA?AU?$pair@Viterator@TryBlockMap@__FrameHandler3@@V123@@std@@AEAVTryBlockMap@1@HH@Z 0000000180003284 f   libvcruntime:risctrnsctrl.obj
 0001:000023e0       ?UnwindNestedFrames@__FrameHandler3@@SAXPEA_KPEAUEHExceptionRecord@@PEAU_CONTEXT@@0PEAXPEBU_s_FuncInfo@@HHPEBU_s_HandlerType@@PEAU_xDISPATCHER_CONTEXT@@E@Z 00000001800033e0 f   libvcruntime:risctrnsctrl.obj
 0001:00002504       _CreateFrameInfo           0000000180003504 f   libvcruntime:risctrnsctrl.obj
 0001:00002540       _FindAndUnlinkFrame        0000000180003540 f   libvcruntime:risctrnsctrl.obj
 0001:00002594       _GetImageBase              0000000180003594 f   libvcruntime:risctrnsctrl.obj
 0001:000025a8       _GetThrowImageBase         00000001800035a8 f   libvcruntime:risctrnsctrl.obj
 0001:000025bc       _SetImageBase              00000001800035bc f   libvcruntime:risctrnsctrl.obj
 0001:000025d4       _SetThrowImageBase         00000001800035d4 f   libvcruntime:risctrnsctrl.obj
 0001:000025ec       __CxxFrameHandler3         00000001800035ec f   libvcruntime:risctrnsctrl.obj
 0001:00002680       memcpy_repmovs             0000000180003680 f   libvcruntime:memcpy.obj
 0001:000026a0       memcpy                     00000001800036a0 f   libvcruntime:memcpy.obj
 0001:000026a0       memmove                    00000001800036a0 f   libvcruntime:memcpy.obj
 0001:00002ad8       ?GetCurrentState@__FrameHandler3@@SAHPEA_KPEAU_xDISPATCHER_CONTEXT@@PEBU_s_FuncInfo@@@Z 0000000180003ad8 f   libvcruntime:ehstate.obj
 0001:00002b00       ?GetUnwindTryBlock@__FrameHandler3@@SAHPEA_KPEAU_xDISPATCHER_CONTEXT@@PEBU_s_FuncInfo@@@Z 0000000180003b00 f   libvcruntime:ehstate.obj
 0001:00002b2c       ?SetState@__FrameHandler3@@SAXPEA_KPEBU_s_FuncInfo@@H@Z 0000000180003b2c f   libvcruntime:ehstate.obj
 0001:00002b38       ?SetUnwindTryBlock@__FrameHandler3@@SAXPEA_KPEAU_xDISPATCHER_CONTEXT@@PEBU_s_FuncInfo@@H@Z 0000000180003b38 f   libvcruntime:ehstate.obj
 0001:00002b74       ?StateFromControlPc@__FrameHandler3@@SAHPEBU_s_FuncInfo@@PEAU_xDISPATCHER_CONTEXT@@@Z 0000000180003b74 f   libvcruntime:ehstate.obj
 0001:00002b7c       ?StateFromIp@__FrameHandler3@@SAHPEBU_s_FuncInfo@@PEAU_xDISPATCHER_CONTEXT@@_K@Z 0000000180003b7c f   libvcruntime:ehstate.obj
 0001:00003608       ??$TypeMatchHelper@$$CBU_s_HandlerType@@@@YAHPEBU_s_HandlerType@@PEBU_s_CatchableType@@PEBU_s_ThrowInfo@@@Z 0000000180004608 f i libvcruntime:frame.obj
 0001:0000374c       ??$__InternalCxxFrameHandler@V__FrameHandler3@@@@YA?AW4_EXCEPTION_DISPOSITION@@PEAUEHExceptionRecord@@PEA_KPEAU_CONTEXT@@PEAU_xDISPATCHER_CONTEXT@@PEBU_s_FuncInfo@@H1E@Z 000000018000474c f i libvcruntime:frame.obj
 0001:00003994       ??0bad_exception@std@@QEAA@AEBV01@@Z 0000000180004994 f i libvcruntime:frame.obj
 0001:000039d4       ??0bad_exception@std@@QEAA@XZ 00000001800049d4 f i libvcruntime:frame.obj
 0001:000039f4       ??0exception@std@@QEAA@AEBV01@@Z 00000001800049f4 f i libvcruntime:frame.obj
 0001:00003a2c       ??1bad_exception@std@@UEAA@XZ 0000000180004a2c f i libvcruntime:frame.obj
 0001:00003a40       ??_Gexception@std@@UEAAPEAXI@Z 0000000180004a40 f i libvcruntime:frame.obj
 0001:00003a40       ??_Ebad_exception@std@@UEAAPEAXI@Z 0000000180004a40 f i libvcruntime:frame.obj
 0001:00003a40       ??_Gbad_exception@std@@UEAAPEAXI@Z 0000000180004a40 f i libvcruntime:frame.obj
 0001:00003a40       ??_Eexception@std@@UEAAPEAXI@Z 0000000180004a40 f i libvcruntime:frame.obj
 0001:00003a84       ?CxxCallCatchBlock@__FrameHandler3@@SAPEAXPEAU_EXCEPTION_RECORD@@@Z 0000000180004a84 f   libvcruntime:frame.obj
 0001:00003cf8       ?FrameUnwindToState@__FrameHandler3@@SAXPEA_KPEAU_xDISPATCHER_CONTEXT@@PEBU_s_FuncInfo@@H@Z 0000000180004cf8 f   libvcruntime:frame.obj
 0001:00003e8c       ?GetHandlerSearchState@__FrameHandler3@@SAHPEA_KPEAU_xDISPATCHER_CONTEXT@@PEBU_s_FuncInfo@@@Z 0000000180004e8c f i libvcruntime:frame.obj
 0001:00004090       ?_CallMemberFunction1@@YAXQEAX00@Z 0000000180005090 f i libvcruntime:frame.obj
 0001:0000409c       ?_CallMemberFunction2@@YAXQEAX00H@Z 000000018000509c f i libvcruntime:frame.obj
 0001:000040ac       ?what@exception@std@@UEBAPEBDXZ 00000001800050ac f i libvcruntime:frame.obj
 0001:000040d0       _CallSettingFrame          00000001800050d0 f   libvcruntime:handlers.obj
 0001:00004120       _CallSettingFrameEncoded   0000000180005120 f   libvcruntime:handlers.obj
 0001:00004168       __std_exception_copy       0000000180005168 f   libvcruntime:std_exception.obj
 0001:000041f8       __std_exception_destroy    00000001800051f8 f   libvcruntime:std_exception.obj
 0001:00004220       _CxxThrowException         0000000180005220 f   libvcruntime:throw.obj
 0001:000042e0       ??0_LocaleUpdate@@QEAA@QEAU__crt_locale_pointers@@@Z 00000001800052e0 f i libucrt:stricmp.obj
 0001:0000437c       ??1_LocaleUpdate@@QEAA@XZ  000000018000537c f i libucrt:stricmp.obj
 0001:00004390       __ascii_stricmp            0000000180005390 f   libucrt:stricmp.obj
 0001:000043d0       _stricmp                   00000001800053d0 f   libucrt:stricmp.obj
 0001:00004418       _stricmp_l                 0000000180005418 f   libucrt:stricmp.obj
 0001:000044cc       _initterm                  00000001800054cc f   libucrt:initterm.obj
 0001:00004530       _initterm_e                0000000180005530 f   libucrt:initterm.obj
 0001:00004570       _seh_filter_dll            0000000180005570 f   libucrt:exception_filter.obj
 0001:00004584       _seh_filter_exe            0000000180005584 f   libucrt:exception_filter.obj
 0001:0000497c       __acrt_initialize_thread_local_exit_callback 000000018000597c f   libucrt:exit.obj
 0001:00004984       _cexit                     0000000180005984 f   libucrt:exit.obj
 0001:00004994       _exit                      0000000180005994 f   libucrt:exit.obj
 0001:000049a0       _is_c_termination_complete 00000001800059a0 f   libucrt:exit.obj
 0001:00004b6c       __acrt_allocate_buffer_for_argv 0000000180005b6c f   libucrt:argv_parsing.obj
 0001:00004bcc       _configure_narrow_argv     0000000180005bcc f   libucrt:argv_parsing.obj
 0001:00004f44       __dcrt_uninitialize_environments_nolock 0000000180005f44 f   libucrt:environment_initialization.obj
 0001:00004f7c       _initialize_narrow_environment 0000000180005f7c f   libucrt:environment_initialization.obj
 0001:0000510c       _execute_onexit_table      000000018000610c f   libucrt:onexit.obj
 0001:00005148       _initialize_onexit_table   0000000180006148 f   libucrt:onexit.obj
 0001:000051c0       __acrt_uninitialize_command_line 00000001800061c0 f   libucrt:argv_data.obj
 0001:000052cc       __acrt_initialize          00000001800062cc f   libucrt:initialization.obj
 0001:000052e0       __acrt_thread_attach       00000001800062e0 f   libucrt:initialization.obj
 0001:000052f4       __acrt_thread_detach       00000001800062f4 f   libucrt:initialization.obj
 0001:00005304       __acrt_uninitialize        0000000180006304 f   libucrt:initialization.obj
 0001:0000533c       __acrt_uninitialize_critical 000000018000633c f   libucrt:initialization.obj
 0001:0000534c       terminate                  000000018000634c f   libucrt:terminate.obj
 0001:0000536c       free                       000000018000636c f   libucrt:free.obj
 0001:00005380       malloc                     0000000180006380 f   libucrt:malloc.obj
 0001:00005388       strcpy_s                   0000000180006388 f   libucrt:strcpy_s.obj
 0001:00005410       strncmp                    0000000180006410 f   libucrt:strncmp.obj
 0001:00005490       abort                      0000000180006490 f   libucrt:abort.obj
 0001:000054e8       calloc                     00000001800064e8 f   libucrt:calloc.obj
 0001:000054f0       wcsncmp                    00000001800064f0 f   libucrt:wcsncmp.obj
 0001:0000551c       __acrt_call_reportfault    000000018000651c f   libucrt:invalid_parameter.obj
 0001:00005678       __acrt_initialize_invalid_parameter_handler 0000000180006678 f   libucrt:invalid_parameter.obj
 0001:00005680       _invalid_parameter         0000000180006680 f   libucrt:invalid_parameter.obj
 0001:00005730       _invalid_parameter_noinfo  0000000180006730 f   libucrt:invalid_parameter.obj
 0001:00005750       _invoke_watson             0000000180006750 f   libucrt:invalid_parameter.obj
 0001:00005798       __acrt_errno_from_os_error 0000000180006798 f   libucrt:errno.obj
 0001:000057e0       __acrt_errno_map_os_error  00000001800067e0 f   libucrt:errno.obj
 0001:00005830       __doserrno                 0000000180006830 f   libucrt:errno.obj
 0001:00005850       _errno                     0000000180006850 f   libucrt:errno.obj
 0001:000058c0       _tolower_l                 00000001800068c0 f   libucrt:tolower_toupper.obj
 0001:00005d78       __acrt_freeptd             0000000180006d78 f   libucrt:per_thread_data.obj
 0001:00005dbc       __acrt_getptd              0000000180006dbc f   libucrt:per_thread_data.obj
 0001:00005e80       __acrt_getptd_head         0000000180006e80 f   libucrt:per_thread_data.obj
 0001:00005f28       __acrt_getptd_noexit       0000000180006f28 f   libucrt:per_thread_data.obj
 0001:00005fe0       __acrt_initialize_ptd      0000000180006fe0 f   libucrt:per_thread_data.obj
 0001:0000601c       __acrt_uninitialize_ptd    000000018000701c f   libucrt:per_thread_data.obj
 0001:00006040       __acrt_update_locale_info  0000000180007040 f   libucrt:locale_update.obj
 0001:00006074       __acrt_update_multibyte_info 0000000180007074 f   libucrt:locale_update.obj
 0001:00006118       __acrt_set_locale_changed  0000000180007118 f   libucrt:wsetlocale.obj
 0001:00006124       __acrt_uninitialize_locale 0000000180007124 f   libucrt:wsetlocale.obj
 0001:00006154       __acrt_initialize_locks    0000000180007154 f   libucrt:locks.obj
 0001:0000619c       __acrt_lock                000000018000719c f   libucrt:locks.obj
 0001:000061b8       __acrt_uninitialize_locks  00000001800071b8 f   libucrt:locks.obj
 0001:000061f0       __acrt_unlock              00000001800071f0 f   libucrt:locks.obj
 0001:0000620c       __acrt_get_process_end_policy 000000018000720c f   libucrt:win_policies.obj
 0001:00006248       _calloc_base               0000000180007248 f   libucrt:calloc_base.obj
 0001:000062c0       _free_base                 00000001800072c0 f   libucrt:free_base.obj
 0001:00006868       __acrt_expand_narrow_argv_wildcards 0000000180007868 f   libucrt:argv_wildcards.obj
 0001:00006870       __acrt_GetModuleFileNameA  0000000180007870 f   libucrt:getmodulefilenamea.obj
 0001:00007018       __acrt_initialize_multibyte 0000000180008018 f   libucrt:mbctype.obj
 0001:00007078       __acrt_update_thread_multibyte_data 0000000180008078 f   libucrt:mbctype.obj
 0001:00007094       _setmbcp_nolock            0000000180008094 f   libucrt:mbctype.obj
 0001:000073c4       _ismbblead                 00000001800083c4 f   libucrt:ismbbyte.obj
 0001:000073d8       __acrt_initialize_command_line 00000001800083d8 f   libucrt:argv_data.obj
 0001:00007400       __acrt_MultiByteToWideChar 0000000180008400 f   libucrt:multibytetowidechar.obj
 0001:0000745c       __acrt_WideCharToMultiByte 000000018000845c f   libucrt:widechartomultibyte.obj
 0001:000074f4       __dcrt_get_narrow_environment_from_os 00000001800084f4 f   libucrt:get_environment_from_os.obj
 0001:000075f8       _recalloc                  00000001800085f8 f   libucrt:recalloc.obj
 0001:00007600       _recalloc_base             0000000180008600 f   libucrt:recalloc.obj
 0001:00007870       __acrt_AppPolicyGetProcessTerminationMethodInternal 0000000180008870 f   libucrt:winapi_thunks.obj
 0001:000078c0       __acrt_FlsAlloc            00000001800088c0 f   libucrt:winapi_thunks.obj
 0001:00007908       __acrt_FlsFree             0000000180008908 f   libucrt:winapi_thunks.obj
 0001:00007950       __acrt_FlsGetValue         0000000180008950 f   libucrt:winapi_thunks.obj
 0001:00007998       __acrt_FlsSetValue         0000000180008998 f   libucrt:winapi_thunks.obj
 0001:000079ec       __acrt_InitializeCriticalSectionEx 00000001800089ec f   libucrt:winapi_thunks.obj
 0001:00007a50       __acrt_LCMapStringEx       0000000180008a50 f   libucrt:winapi_thunks.obj
 0001:00007b2c       __acrt_LocaleNameToLCID    0000000180008b2c f   libucrt:winapi_thunks.obj
 0001:00007b7c       __acrt_initialize_winapi_thunks 0000000180008b7c f   libucrt:winapi_thunks.obj
 0001:00007bc4       __acrt_uninitialize_winapi_thunks 0000000180008bc4 f   libucrt:winapi_thunks.obj
 0001:00007c08       __acrt_initialize_heap     0000000180008c08 f   libucrt:heap_handle.obj
 0001:00007c24       __acrt_uninitialize_heap   0000000180008c24 f   libucrt:heap_handle.obj
 0001:00007e18       __acrt_initialize_lowio    0000000180008e18 f   libucrt:ioinit.obj
 0001:00007e54       __acrt_uninitialize_lowio  0000000180008e54 f   libucrt:ioinit.obj
 0001:00007e94       __acrt_execute_initializers 0000000180008e94 f   libucrt:shared_initialization.obj
 0001:00007f14       __acrt_execute_uninitializers 0000000180008f14 f   libucrt:shared_initialization.obj
 0001:00007f50       __acrt_initialize_new_handler 0000000180008f50 f   libucrt:new_handler.obj
 0001:00007f58       _callnewh                  0000000180008f58 f   libucrt:new_handler.obj
 0001:00007f88       _query_new_handler         0000000180008f88 f   libucrt:new_handler.obj
 0001:00008004       __acrt_get_sigabrt_handler 0000000180009004 f   libucrt:signal.obj
 0001:00008034       __acrt_initialize_signal_handlers 0000000180009034 f   libucrt:signal.obj
 0001:00008054       raise                      0000000180009054 f   libucrt:signal.obj
 0001:000082d4       __acrt_has_user_matherr    00000001800092d4 f   libucrt:matherr.obj
 0001:000082f4       __acrt_initialize_user_matherr 00000001800092f4 f   libucrt:matherr.obj
 0001:000082fc       __acrt_invoke_user_matherr 00000001800092fc f   libucrt:matherr.obj
 0001:00008508       __acrt_stdio_flush_nolock  0000000180009508 f   libucrt:fflush.obj
 0001:00008584       _fflush_nolock             0000000180009584 f   libucrt:fflush.obj
 0001:000085d0       _flushall                  00000001800095d0 f   libucrt:fflush.obj
 0001:000085d8       __acrt_initialize_stdio    00000001800095d8 f   libucrt:_file.obj
 0001:000086f8       __acrt_uninitialize_stdio  00000001800096f8 f   libucrt:_file.obj
 0001:00008754       _lock_file                 0000000180009754 f   libucrt:_file.obj
 0001:00008760       _unlock_file               0000000180009760 f   libucrt:_file.obj
 0001:0000876c       _malloc_base               000000018000976c f   libucrt:malloc_base.obj
 0001:000087cc       _mbtowc_l                  00000001800097cc f   libucrt:mbtowc.obj
 0001:00008948       mbtowc                     0000000180009948 f   libucrt:mbtowc.obj
 0001:00008950       _fileno                    0000000180009950 f   libucrt:fileno.obj
 0001:00008978       __pctype_func              0000000180009978 f   libucrt:ctype.obj
 0001:000089a8       _isctype_l                 00000001800099a8 f   libucrt:isctype.obj
 0001:00008abc       _isleadbyte_l              0000000180009abc f i libucrt:_wctype.obj
 0001:00008e14       __acrt_LCMapStringA        0000000180009e14 f   libucrt:lcmapstringa.obj
 0001:00008eac       __acrt_add_locale_ref      0000000180009eac f   libucrt:locale_refcounting.obj
 0001:00008f38       __acrt_free_locale         0000000180009f38 f   libucrt:locale_refcounting.obj
 0001:000090b0       __acrt_locale_add_lc_time_reference 000000018000a0b0 f   libucrt:locale_refcounting.obj
 0001:000090d8       __acrt_locale_free_lc_time_if_unreferenced 000000018000a0d8 f   libucrt:locale_refcounting.obj
 0001:00009110       __acrt_locale_release_lc_time_reference 000000018000a110 f   libucrt:locale_refcounting.obj
 0001:00009138       __acrt_release_locale_ref  000000018000a138 f   libucrt:locale_refcounting.obj
 0001:000091e0       __acrt_update_thread_locale_data 000000018000a1e0 f   libucrt:locale_refcounting.obj
 0001:00009250       _updatetlocinfoEx_nolock   000000018000a250 f   libucrt:locale_refcounting.obj
 0001:000092b8       __acrt_locale_free_monetary 000000018000a2b8 f   libucrt:initmon.obj
 0001:000093c4       __acrt_locale_free_numeric 000000018000a3c4 f   libucrt:initnum.obj
 0001:00009484       __acrt_locale_free_time    000000018000a484 f   libucrt:inittime.obj
 0001:0000958c       __acrt_GetStringTypeA      000000018000a58c f   libucrt:getstringtypea.obj
 0001:0000971c       _query_new_mode            000000018000a71c f   libucrt:new_mode.obj
 0001:00009730       qsort                      000000018000a730 f   libucrt:qsort.obj
 0001:00009ae0       strncpy_s                  000000018000aae0 f   libucrt:strncpy_s.obj
 0001:00009c70       strpbrk                    000000018000ac70 f   libucrt:strpbrk.obj
 0001:0000a050       ??$__acrt_convert_wcs_mbs@D_W$$A6A_KPEA_WPEBD_KPEAU__crt_locale_pointers@@@ZU__crt_win32_buffer_internal_dynamic_resizing@@@@YAHQEBDAEAV?$__crt_win32_buffer@_WU__crt_win32_buffer_internal_dynamic_resizing@@@@A6A_KPEA_WPEBD_KPEAU__crt_locale_pointers@@@Z5@Z 000000018000b050 f i libucrt:findfirstfileexa.obj
 0001:0000a158       __acrt_FindFirstFileExA    000000018000b158 f   libucrt:findfirstfileexa.obj
 0001:0000a1fc       ??$__acrt_convert_wcs_mbs@_WD$$A6A_KPEADPEB_W_KPEAU__crt_locale_pointers@@@ZU__crt_win32_buffer_no_resizing@@@@YAHQEB_WAEAV?$__crt_win32_buffer@DU__crt_win32_buffer_no_resizing@@@@A6A_KPEADPEB_W_KPEAU__crt_locale_pointers@@@Z5@Z 000000018000b1fc f i libucrt:findnextfilea.obj
 0001:0000a2c8       __acrt_FindNextFileA       000000018000b2c8 f   libucrt:findnextfilea.obj
 0001:0000a3fc       _mbsdec                    000000018000b3fc f   libucrt:mbsdec.obj
 0001:0000a404       _mbsdec_l                  000000018000b404 f   libucrt:mbsdec.obj
 0001:0000a69c       _mbstowcs_l                000000018000b69c f   libucrt:mbstowcs.obj
 0001:0000a6a4       mbstowcs                   000000018000b6a4 f   libucrt:mbstowcs.obj
 0001:0000a6d8       _msize                     000000018000b6d8 f   libucrt:msize.obj
 0001:0000a6e0       _msize_base                000000018000b6e0 f   libucrt:msize.obj
 0001:0000a71c       _realloc_base              000000018000b71c f   libucrt:realloc_base.obj
 0001:0000a880       __acrt_DownlevelLocaleNameToLCID 000000018000b880 f   libucrt:lcidtoname_downlevel.obj
 0001:0000a8b4       __acrt_lowio_create_handle_array 000000018000b8b4 f   libucrt:osfinfo.obj
 0001:0000a94c       __acrt_lowio_destroy_handle_array 000000018000b94c f   libucrt:osfinfo.obj
 0001:0000a99c       __acrt_lowio_ensure_fh_exists 000000018000b99c f   libucrt:osfinfo.obj
 0001:0000aa44       __acrt_lowio_lock_fh       000000018000ba44 f   libucrt:osfinfo.obj
 0001:0000aa68       __acrt_lowio_unlock_fh     000000018000ba68 f   libucrt:osfinfo.obj
 0001:0000aa8c       _free_osfhnd               000000018000ba8c f   libucrt:osfinfo.obj
 0001:0000ab48       _get_osfhandle             000000018000bb48 f   libucrt:osfinfo.obj
 0001:0000ac4c       _commit                    000000018000bc4c f   libucrt:commit.obj
 0001:0000b288       _write                     000000018000c288 f   libucrt:write.obj
 0001:0000b374       _write_nolock              000000018000c374 f   libucrt:write.obj
 0001:0000b654       _fcloseall                 000000018000c654 f   libucrt:closeall.obj
 0001:0000b708       __acrt_stdio_free_buffer_nolock 000000018000c708 f   libucrt:_freebuf.obj
 0001:0000b748       _isatty                    000000018000c748 f   libucrt:isatty.obj
 0001:0000b7a8       ?__mbrtowc_utf8@__crt_mbstring@@YA_KPEA_WPEBD_KPEAU_Mbstatet@@@Z 000000018000c7a8 f   libucrt:mbrtowc.obj
 0001:0000b7e4       ?__mbsrtowcs_utf8@__crt_mbstring@@YA_KPEA_WPEAPEBD_KPEAU_Mbstatet@@@Z 000000018000c7e4 f   libucrt:mbrtowc.obj
 0001:0000b95c       __strncnt                  000000018000c95c f   libucrt:strncnt.obj
 0001:0000bcdc       _wcstombs_l                000000018000ccdc f   libucrt:wcstombs.obj
 0001:0000bce4       _query_app_type            000000018000cce4 f   libucrt:report_runtime_error.obj
 0001:0000bd88       _lseeki64_nolock           000000018000cd88 f   libucrt:lseek.obj
 0001:0000bd90       _putwch_nolock             000000018000cd90 f   libucrt:putwch.obj
 0001:0000bdcc       _fclose_nolock             000000018000cdcc f   libucrt:fclose.obj
 0001:0000be50       fclose                     000000018000ce50 f   libucrt:fclose.obj
 0001:0000beb4       ?__mbrtoc32_utf8@__crt_mbstring@@YA_KPEA_UPEBD_KPEAU_Mbstatet@@@Z 000000018000ceb4 f   libucrt:mbrtoc32.obj
 0001:0000c090       log10                      000000018000d090 f   libucrt:log10.obj
 0001:0000c63c       ?__wcsrtombs_utf8@__crt_mbstring@@YA_KPEADPEAPEB_W_KPEAU_Mbstatet@@@Z 000000018000d63c f   libucrt:wcrtomb.obj
 0001:0000c758       __dcrt_lowio_ensure_console_output_initialized 000000018000d758 f   libucrt:initcon.obj
 0001:0000c7ac       __dcrt_terminate_console_output 000000018000d7ac f   libucrt:initcon.obj
 0001:0000c7c8       __dcrt_write_console       000000018000d7c8 f   libucrt:initcon.obj
 0001:0000c8fc       _close                     000000018000d8fc f   libucrt:close.obj
 0001:0000c9a0       _close_nolock              000000018000d9a0 f   libucrt:close.obj
 0001:0000ca5c       ?__acrt_stdio_free_stream@@YAXV__crt_stdio_stream@@@Z 000000018000da5c f   libucrt:stream.obj
 0001:0000cb9c       _handle_error              000000018000db9c f   libucrt:libm_error.obj
 0001:0000ccd0       __acrt_initialize_fma3     000000018000dcd0 f   libucrt:fma3_available.obj
 0001:0000cd40       _log10_special             000000018000dd40 f   libucrt:log_special.obj
 0001:0000cdf8       ?__c16rtomb_utf8@__crt_mbstring@@YA_KPEAD_SPEAU_Mbstatet@@@Z 000000018000ddf8 f   libucrt:c16rtomb.obj
 0001:0000ceb0       _get_fpsr                  000000018000deb0 f   libucrt:fpsr.obj
 0001:0000cec0       _set_fpsr                  000000018000dec0 f   libucrt:fpsr.obj
 0001:0000ceca       _fclrf                     000000018000deca f   libucrt:fpsr.obj
 0001:0000cede       _frnd                      000000018000dede f   libucrt:fpsr.obj
 0001:0000cf00       _raise_exc                 000000018000df00 f   libucrt:fpexcept.obj
 0001:0000cf28       _raise_exc_ex              000000018000df28 f   libucrt:fpexcept.obj
 0001:0000d238       _set_errno_from_matherr    000000018000e238 f   libucrt:fpexcept.obj
 0001:0000d268       _clrfp                     000000018000e268 f   libucrt:fpctrl.obj
 0001:0000d288       _ctrlfp                    000000018000e288 f   libucrt:fpctrl.obj
 0001:0000d304       _set_statfp                000000018000e304 f   libucrt:fpctrl.obj
 0001:0000d324       _statfp                    000000018000e324 f   libucrt:fpctrl.obj
 0001:0000d338       ?__c32rtomb_utf8@__crt_mbstring@@YA_KPEAD_UPEAU_Mbstatet@@@Z 000000018000e338 f   libucrt:c32rtomb.obj
 0001:0000d3f0       c32rtomb                   000000018000e3f0 f   libucrt:c32rtomb.obj
 0001:0000d3f5       IsProcessorFeaturePresent  000000018000e3f5 f   kernel32:KERNEL32.dll
 0001:0000d3fc       ?DloadAcquireSectionWriteAccess@@YAXXZ 000000018000e3fc f i DelayImp:delayhlp.obj
 0001:0000d4a8       ?DloadGetSRWLockFunctionPointers@@YAEXZ 000000018000e4a8 f i DelayImp:delayhlp.obj
 0001:0000d544       ?DloadMakePermanentImageCommit@@YAXPEAX_K@Z 000000018000e544 f i DelayImp:delayhlp.obj
 0001:0000d5dc       ?DloadObtainSection@@YAPEAXPEAK0@Z 000000018000e5dc f i DelayImp:delayhlp.obj
 0001:0000d678       ?DloadProtectSection@@YAXKPEAK@Z 000000018000e678 f i DelayImp:delayhlp.obj
 0001:0000d708       ?DloadReleaseSectionWriteAccess@@YAXXZ 000000018000e708 f i DelayImp:delayhlp.obj
 0001:0000d79c       __delayLoadHelper2         000000018000e79c f   DelayImp:delayhlp.obj
 0001:0000da60       _FindPESection             000000018000ea60 f   LIBCMT:pesect.obj
 0001:0000dab0       _IsNonwritableInCurrentImage 000000018000eab0 f   LIBCMT:pesect.obj
 0001:0000db00       _ValidateImageBase         000000018000eb00 f   LIBCMT:pesect.obj
 0001:0000db30       ??_Gtype_info@@UEAAPEAXI@Z 000000018000eb30 f i LIBCMT:std_type_info_static.obj
 0001:0000db30       ??_Etype_info@@UEAAPEAXI@Z 000000018000eb30 f i LIBCMT:std_type_info_static.obj
 0001:0000db5c       __GSHandlerCheck           000000018000eb5c f   LIBCMT:_gshandler_.obj
 0001:0000db7c       __GSHandlerCheckCommon     000000018000eb7c f   LIBCMT:_gshandler_.obj
 0001:0000dbd8       ??3@YAXPEAX_K@Z            000000018000ebd8 f   LIBCMT:delete_scalar_size.obj
 0001:0000dbf0       _alloca_probe              000000018000ebf0 f   LIBCMT:_chkstk_.obj
 0001:0000dbf0       __chkstk                   000000018000ebf0 f   LIBCMT:_chkstk_.obj
 0001:0000dc44       __GSHandlerCheck_EH        000000018000ec44 f   LIBCMT:gshandlereh.obj
 0001:0000dcc4       ??3@YAXPEAX@Z              000000018000ecc4 f   LIBCMT:delete_scalar.obj
 0001:0000dce0       memcmp                     000000018000ece0 f   libvcruntime:memcmp.obj
 0001:0000ddc0       _guard_dispatch_icall_nop  000000018000edc0 f   LIBCMT:_guard_dispatch_.obj
 0002:00000000       __imp_GetModuleHandleA     0000000180010000     kernel32:KERNEL32.dll
 0002:00000008       __imp_LoadLibraryExA       0000000180010008     kernel32:KERNEL32.dll
 0002:00000010       __imp_RtlCaptureContext    0000000180010010     kernel32:KERNEL32.dll
 0002:00000018       __imp_RtlLookupFunctionEntry 0000000180010018     kernel32:KERNEL32.dll
 0002:00000020       __imp_RtlVirtualUnwind     0000000180010020     kernel32:KERNEL32.dll
 0002:00000028       __imp_UnhandledExceptionFilter 0000000180010028     kernel32:KERNEL32.dll
 0002:00000030       __imp_SetUnhandledExceptionFilter 0000000180010030     kernel32:KERNEL32.dll
 0002:00000038       __imp_GetCurrentProcess    0000000180010038     kernel32:KERNEL32.dll
 0002:00000040       __imp_TerminateProcess     0000000180010040     kernel32:KERNEL32.dll
 0002:00000048       __imp_IsProcessorFeaturePresent 0000000180010048     kernel32:KERNEL32.dll
 0002:00000050       __imp_QueryPerformanceCounter 0000000180010050     kernel32:KERNEL32.dll
 0002:00000058       __imp_GetCurrentProcessId  0000000180010058     kernel32:KERNEL32.dll
 0002:00000060       __imp_GetCurrentThreadId   0000000180010060     kernel32:KERNEL32.dll
 0002:00000068       __imp_GetSystemTimeAsFileTime 0000000180010068     kernel32:KERNEL32.dll
 0002:00000070       __imp_InitializeSListHead  0000000180010070     kernel32:KERNEL32.dll
 0002:00000078       __imp_IsDebuggerPresent    0000000180010078     kernel32:KERNEL32.dll
 0002:00000080       __imp_GetStartupInfoW      0000000180010080     kernel32:KERNEL32.dll
 0002:00000088       __imp_GetModuleHandleW     0000000180010088     kernel32:KERNEL32.dll
 0002:00000090       __imp_RtlUnwindEx          0000000180010090     kernel32:KERNEL32.dll
 0002:00000098       __imp_InterlockedFlushSList 0000000180010098     kernel32:KERNEL32.dll
 0002:000000a0       __imp_GetLastError         00000001800100a0     kernel32:KERNEL32.dll
 0002:000000a8       __imp_SetLastError         00000001800100a8     kernel32:KERNEL32.dll
 0002:000000b0       __imp_EnterCriticalSection 00000001800100b0     kernel32:KERNEL32.dll
 0002:000000b8       __imp_LeaveCriticalSection 00000001800100b8     kernel32:KERNEL32.dll
 0002:000000c0       __imp_DeleteCriticalSection 00000001800100c0     kernel32:KERNEL32.dll
 0002:000000c8       __imp_InitializeCriticalSectionAndSpinCount 00000001800100c8     kernel32:KERNEL32.dll
 0002:000000d0       __imp_TlsAlloc             00000001800100d0     kernel32:KERNEL32.dll
 0002:000000d8       __imp_TlsGetValue          00000001800100d8     kernel32:KERNEL32.dll
 0002:000000e0       __imp_TlsSetValue          00000001800100e0     kernel32:KERNEL32.dll
 0002:000000e8       __imp_TlsFree              00000001800100e8     kernel32:KERNEL32.dll
 0002:000000f0       __imp_FreeLibrary          00000001800100f0     kernel32:KERNEL32.dll
 0002:000000f8       __imp_GetProcAddress       00000001800100f8     kernel32:KERNEL32.dll
 0002:00000100       __imp_LoadLibraryExW       0000000180010100     kernel32:KERNEL32.dll
 0002:00000108       __imp_EncodePointer        0000000180010108     kernel32:KERNEL32.dll
 0002:00000110       __imp_RaiseException       0000000180010110     kernel32:KERNEL32.dll
 0002:00000118       __imp_RtlPcToFileHeader    0000000180010118     kernel32:KERNEL32.dll
 0002:00000120       __imp_ExitProcess          0000000180010120     kernel32:KERNEL32.dll
 0002:00000128       __imp_GetModuleHandleExW   0000000180010128     kernel32:KERNEL32.dll
 0002:00000130       __imp_GetModuleFileNameW   0000000180010130     kernel32:KERNEL32.dll
 0002:00000138       __imp_HeapAlloc            0000000180010138     kernel32:KERNEL32.dll
 0002:00000140       __imp_HeapFree             0000000180010140     kernel32:KERNEL32.dll
 0002:00000148       __imp_FindClose            0000000180010148     kernel32:KERNEL32.dll
 0002:00000150       __imp_FindFirstFileExW     0000000180010150     kernel32:KERNEL32.dll
 0002:00000158       __imp_FindNextFileW        0000000180010158     kernel32:KERNEL32.dll
 0002:00000160       __imp_IsValidCodePage      0000000180010160     kernel32:KERNEL32.dll
 0002:00000168       __imp_GetACP               0000000180010168     kernel32:KERNEL32.dll
 0002:00000170       __imp_GetOEMCP             0000000180010170     kernel32:KERNEL32.dll
 0002:00000178       __imp_GetCPInfo            0000000180010178     kernel32:KERNEL32.dll
 0002:00000180       __imp_GetCommandLineA      0000000180010180     kernel32:KERNEL32.dll
 0002:00000188       __imp_GetCommandLineW      0000000180010188     kernel32:KERNEL32.dll
 0002:00000190       __imp_MultiByteToWideChar  0000000180010190     kernel32:KERNEL32.dll
 0002:00000198       __imp_WideCharToMultiByte  0000000180010198     kernel32:KERNEL32.dll
 0002:000001a0       __imp_GetEnvironmentStringsW 00000001800101a0     kernel32:KERNEL32.dll
 0002:000001a8       __imp_FreeEnvironmentStringsW 00000001800101a8     kernel32:KERNEL32.dll
 0002:000001b0       __imp_LCMapStringW         00000001800101b0     kernel32:KERNEL32.dll
 0002:000001b8       __imp_GetProcessHeap       00000001800101b8     kernel32:KERNEL32.dll
 0002:000001c0       __imp_GetStdHandle         00000001800101c0     kernel32:KERNEL32.dll
 0002:000001c8       __imp_GetFileType          00000001800101c8     kernel32:KERNEL32.dll
 0002:000001d0       __imp_GetStringTypeW       00000001800101d0     kernel32:KERNEL32.dll
 0002:000001d8       __imp_HeapSize             00000001800101d8     kernel32:KERNEL32.dll
 0002:000001e0       __imp_HeapReAlloc          00000001800101e0     kernel32:KERNEL32.dll
 0002:000001e8       __imp_SetStdHandle         00000001800101e8     kernel32:KERNEL32.dll
 0002:000001f0       __imp_FlushFileBuffers     00000001800101f0     kernel32:KERNEL32.dll
 0002:000001f8       __imp_WriteFile            00000001800101f8     kernel32:KERNEL32.dll
 0002:00000200       __imp_GetConsoleCP         0000000180010200     kernel32:KERNEL32.dll
 0002:00000208       __imp_GetConsoleMode       0000000180010208     kernel32:KERNEL32.dll
 0002:00000210       __imp_SetFilePointerEx     0000000180010210     kernel32:KERNEL32.dll
 0002:00000218       __imp_CreateFileW          0000000180010218     kernel32:KERNEL32.dll
 0002:00000220       __imp_CloseHandle          0000000180010220     kernel32:KERNEL32.dll
 0002:00000228       __imp_WriteConsoleW        0000000180010228     kernel32:KERNEL32.dll
 0002:00000230       __imp_GetSystemInfo        0000000180010230     kernel32:KERNEL32.dll
 0002:00000238       __imp_VirtualProtect       0000000180010238     kernel32:KERNEL32.dll
 0002:00000240       __imp_VirtualQuery         0000000180010240     kernel32:KERNEL32.dll
 0002:00000248       \177KERNEL32_NULL_THUNK_DATA 0000000180010248     kernel32:KERNEL32.dll
 0002:00000250       __guard_check_icall_fptr   0000000180010250     LIBCMT:guard_support.obj
 0002:00000258       __guard_dispatch_icall_fptr 0000000180010258     LIBCMT:guard_support.obj
 0002:00000260       __xc_a                     0000000180010260     LIBCMT:initializers.obj
 0002:00000268       _register_hello_           0000000180010268     hello.obj
 0002:00000270       __xc_z                     0000000180010270     LIBCMT:initializers.obj
 0002:00000278       __xi_a                     0000000180010278     LIBCMT:initializers.obj
 0002:00000280       __acrt_multibyte_initializer 0000000180010280     libucrt:multibyte_initializer.obj
 0002:00000288       __acrt_stdio_initializer   0000000180010288     libucrt:stdio_initializer.obj
 0002:00000290       __acrt_tran_fma3_initializer 0000000180010290     libucrt:fma3_initializer.obj
 0002:00000298       __xi_z                     0000000180010298     LIBCMT:initializers.obj
 0002:000002a0       __xp_a                     00000001800102a0     LIBCMT:initializers.obj
 0002:000002a8       __acrt_locale_terminator   00000001800102a8     libucrt:locale_initializer.obj
 0002:000002b0       __dcrt_console_output_terminator 00000001800102b0     libucrt:console_output_initializer.obj
 0002:000002b8       __acrt_stdio_terminator    00000001800102b8     libucrt:stdio_initializer.obj
 0002:000002c0       __xp_z                     00000001800102c0     LIBCMT:initializers.obj
 0002:000002c8       __xt_a                     00000001800102c8     LIBCMT:initializers.obj
 0002:000002d0       __xt_z                     00000001800102d0     LIBCMT:initializers.obj
 0002:000002e0       __sz_node_exe              00000001800102e0     node:node.exe
 0002:000002f0       _pRawDllMain               00000001800102f0     LIBCMT:dll_dllmain.obj
 0002:000002f0       _pDefaultRawDllMain        00000001800102f0     LIBCMT:dll_dllmain.obj
 0002:00000308       _pDestructExceptionObject  0000000180010308     libvcruntime:ehhelpers.obj
 0002:00000648       ??_C@_08EHJDFFNH@__based?$CI@ 0000000180010648     libvcruntime:undname.obj
 0002:00000658       ??_C@_07KOLFKCDI@__cdecl@  0000000180010658     libvcruntime:undname.obj
 0002:00000660       ??_C@_08GHMPAG@__pascal@   0000000180010660     libvcruntime:undname.obj
 0002:00000670       ??_C@_09IFJBGAPI@__stdcall@ 0000000180010670     libvcruntime:undname.obj
 0002:00000680       ??_C@_0L@NPHFGOKO@__thiscall@ 0000000180010680     libvcruntime:undname.obj
 0002:00000690       ??_C@_0L@JMKHOMEK@__fastcall@ 0000000180010690     libvcruntime:undname.obj
 0002:000006a0       ??_C@_0N@BCKKPABJ@__vectorcall@ 00000001800106a0     libvcruntime:undname.obj
 0002:000006b0       ??_C@_09HIJEGCPM@__clrcall@ 00000001800106b0     libvcruntime:undname.obj
 0002:000006bc       ??_C@_06GHPCKEAG@__eabi@   00000001800106bc     libvcruntime:undname.obj
 0002:000006c8       ??_C@_09IOPIDJLG@__swift_1@ 00000001800106c8     libvcruntime:undname.obj
 0002:000006d8       ??_C@_09KFNFGKHF@__swift_2@ 00000001800106d8     libvcruntime:undname.obj
 0002:000006e8       ??_C@_07JOMMBBKO@__ptr64@  00000001800106e8     libvcruntime:undname.obj
 0002:000006f0       ??_C@_0L@PILCLIHE@__restrict@ 00000001800106f0     libvcruntime:undname.obj
 0002:00000700       ??_C@_0M@GFIIJFMG@__unaligned@ 0000000180010700     libvcruntime:undname.obj
 0002:00000710       ??_C@_09DHDLOLLB@restrict?$CI@ 0000000180010710     libvcruntime:undname.obj
 0002:0000071a       ??_C@_00CNPNBAHC@@         000000018001071a     libvcruntime:undname.obj
 0002:0000071c       ??_C@_04NIHEBCM@?5new@     000000018001071c     libvcruntime:undname.obj
 0002:00000728       ??_C@_07FPCDHGMM@?5delete@ 0000000180010728     libvcruntime:undname.obj
 0002:00000730       ??_C@_01NEMOKFLO@?$DN@     0000000180010730     libvcruntime:undname.obj
 0002:00000734       ??_C@_02GPIOPFAK@?$DO?$DO@ 0000000180010734     libvcruntime:undname.obj
 0002:00000738       ??_C@_02FODMEDOG@?$DM?$DM@ 0000000180010738     libvcruntime:undname.obj
 0002:0000073c       ??_C@_01DCLJPIOD@?$CB@     000000018001073c     libvcruntime:undname.obj
 0002:00000740       ??_C@_02EGOFBIJA@?$DN?$DN@ 0000000180010740     libvcruntime:undname.obj
 0002:00000744       ??_C@_02FDNJECIE@?$CB?$DN@ 0000000180010744     libvcruntime:undname.obj
 0002:00000748       ??_C@_02GPECMEKF@?$FL?$FN@ 0000000180010748     libvcruntime:undname.obj
 0002:00000750       ??_C@_08LHJFAFGD@operator@ 0000000180010750     libvcruntime:undname.obj
 0002:0000075c       ??_C@_02HBOOOICD@?9?$DO@   000000018001075c     libvcruntime:undname.obj
 0002:00000760       ??_C@_01NBENCBCI@?$CK@     0000000180010760     libvcruntime:undname.obj
 0002:00000764       ??_C@_02ECNGHCIF@?$CL?$CL@ 0000000180010764     libvcruntime:undname.obj
 0002:00000768       ??_C@_02BAABKJLB@?9?9@     0000000180010768     libvcruntime:undname.obj
 0002:0000076c       ??_C@_01JOAMLHOP@?9@       000000018001076c     libvcruntime:undname.obj
 0002:00000770       ??_C@_01MIFGBAGJ@?$CL@     0000000180010770     libvcruntime:undname.obj
 0002:00000774       ??_C@_01HNPIGOCE@?$CG@     0000000180010774     libvcruntime:undname.obj
 0002:00000778       ??_C@_03MNHNFDLC@?9?$DO?$CK@ 0000000180010778     libvcruntime:undname.obj
 0002:0000077c       ??_C@_01KMDKNFGN@?1@       000000018001077c     libvcruntime:undname.obj
 0002:00000780       ??_C@_01FGNFDNOH@?$CF@     0000000180010780     libvcruntime:undname.obj
 0002:00000784       ??_C@_01MNNFJEPP@?$DM@     0000000180010784     libvcruntime:undname.obj
 0002:00000788       ??_C@_02EHCHHCKH@?$DM?$DN@ 0000000180010788     libvcruntime:undname.obj
 0002:0000078c       ??_C@_01PPODPGHN@?$DO@     000000018001078c     libvcruntime:undname.obj
 0002:00000790       ??_C@_02EEKDKGMJ@?$DO?$DN@ 0000000180010790     libvcruntime:undname.obj
 0002:00000794       ??_C@_01IHBHIGKO@?0@       0000000180010794     libvcruntime:undname.obj
 0002:00000798       ??_C@_02HCKGKOFO@?$CI?$CJ@ 0000000180010798     libvcruntime:undname.obj
 0002:0000079c       ??_C@_01PJKLJHI@?$HO@      000000018001079c     libvcruntime:undname.obj
 0002:000007a0       ??_C@_01JKBOJNNK@?$FO@     00000001800107a0     libvcruntime:undname.obj
 0002:000007a4       ??_C@_01DNKMNLPK@?$HM@     00000001800107a4     libvcruntime:undname.obj
 0002:000007a8       ??_C@_02PPKAJPJL@?$CG?$CG@ 00000001800107a8     libvcruntime:undname.obj
 0002:000007ac       ??_C@_02NONPIBCD@?$HM?$HM@ 00000001800107ac     libvcruntime:undname.obj
 0002:000007b0       ??_C@_02FPIMKNGF@?$CK?$DN@ 00000001800107b0     libvcruntime:undname.obj
 0002:000007b4       ??_C@_02FOEOMHFC@?$CL?$DN@ 00000001800107b4     libvcruntime:undname.obj
 0002:000007b8       ??_C@_02FKMDLLOA@?9?$DN@   00000001800107b8     libvcruntime:undname.obj
 0002:000007bc       ??_C@_02FJEHGPIO@?1?$DN@   00000001800107bc     libvcruntime:undname.obj
 0002:000007c0       ??_C@_02FENAOKFI@?$CF?$DN@ 00000001800107c0     libvcruntime:undname.obj
 0002:000007c4       ??_C@_03IKFCCPFF@?$DO?$DO?$DN@ 00000001800107c4     libvcruntime:undname.obj
 0002:000007c8       ??_C@_03CDNPDDLA@?$DM?$DM?$DN@ 00000001800107c8     libvcruntime:undname.obj
 0002:000007cc       ??_C@_02FGJGFEAB@?$CG?$DN@ 00000001800107cc     libvcruntime:undname.obj
 0002:000007d0       ??_C@_02DHLNPPGH@?$HM?$DN@ 00000001800107d0     libvcruntime:undname.obj
 0002:000007d4       ??_C@_02MHEGNOJ@?$FO?$DN@  00000001800107d4     libvcruntime:undname.obj
 0002:000007d8       ??_C@_09IFPLHPGF@?$GAvftable?8@ 00000001800107d8     libvcruntime:undname.obj
 0002:000007e8       ??_C@_09BLBHBJP@?$GAvbtable?8@ 00000001800107e8     libvcruntime:undname.obj
 0002:000007f8       ??_C@_07FEEIOKP@?$GAvcall?8@ 00000001800107f8     libvcruntime:undname.obj
 0002:00000800       ??_C@_08LLFFHHDJ@?$GAtypeof?8@ 0000000180010800     libvcruntime:undname.obj
 0002:00000810       ??_C@_0BF@KDPPACIK@?$GAlocal?5static?5guard?8@ 0000000180010810     libvcruntime:undname.obj
 0002:00000828       ??_C@_08OBABFOLI@?$GAstring?8@ 0000000180010828     libvcruntime:undname.obj
 0002:00000838       ??_C@_0BD@JDLKDPAB@?$GAvbase?5destructor?8@ 0000000180010838     libvcruntime:undname.obj
 0002:00000850       ??_C@_0BN@DEGPLNFK@?$GAvector?5deleting?5destructor?8@ 0000000180010850     libvcruntime:undname.obj
 0002:00000870       ??_C@_0BO@OBMKPJIG@?$GAdefault?5constructor?5closure?8@ 0000000180010870     libvcruntime:undname.obj
 0002:00000890       ??_C@_0BN@IMDCHIKM@?$GAscalar?5deleting?5destructor?8@ 0000000180010890     libvcruntime:undname.obj
 0002:000008b0       ??_C@_0BO@PFGOCPJJ@?$GAvector?5constructor?5iterator?8@ 00000001800108b0     libvcruntime:undname.obj
 0002:000008d0       ??_C@_0BN@LFPFMEDL@?$GAvector?5destructor?5iterator?8@ 00000001800108d0     libvcruntime:undname.obj
 0002:000008f0       ??_C@_0CE@IKBNEHA@?$GAvector?5vbase?5constructor?5itera@ 00000001800108f0     libvcruntime:undname.obj
 0002:00000918       ??_C@_0BL@NILFHHPC@?$GAvirtual?5displacement?5map?8@ 0000000180010918     libvcruntime:undname.obj
 0002:00000938       ??_C@_0CB@JONCMFFK@?$GAeh?5vector?5constructor?5iterator@ 0000000180010938     libvcruntime:undname.obj
 0002:00000960       ??_C@_0CA@GCEOPDGL@?$GAeh?5vector?5destructor?5iterator?8@ 0000000180010960     libvcruntime:undname.obj
 0002:00000980       ??_C@_0CH@OOJPLCPH@?$GAeh?5vector?5vbase?5constructor?5it@ 0000000180010980     libvcruntime:undname.obj
 0002:000009a8       ??_C@_0BL@LLKPOHJI@?$GAcopy?5constructor?5closure?8@ 00000001800109a8     libvcruntime:undname.obj
 0002:000009c8       ??_C@_0BA@KBCDOMBN@?$GAudt?5returning?8@ 00000001800109c8     libvcruntime:undname.obj
 0002:000009d8       ??_C@_03KLGMFNMG@?$GAEH@   00000001800109d8     libvcruntime:undname.obj
 0002:000009dc       ??_C@_05KHLCHHI@?$GARTTI@  00000001800109dc     libvcruntime:undname.obj
 0002:000009e8       ??_C@_0BA@KKLDJDLB@?$GAlocal?5vftable?8@ 00000001800109e8     libvcruntime:undname.obj
 0002:000009f8       ??_C@_0CE@IIHCMGGL@?$GAlocal?5vftable?5constructor?5clos@ 00000001800109f8     libvcruntime:undname.obj
 0002:00000a1c       ??_C@_06FHBGPFGH@?5new?$FL?$FN@ 0000000180010a1c     libvcruntime:undname.obj
 0002:00000a28       ??_C@_09LBNFPBCA@?5delete?$FL?$FN@ 0000000180010a28     libvcruntime:undname.obj
 0002:00000a38       ??_C@_0P@HJKNJFNN@?$GAomni?5callsig?8@ 0000000180010a38     libvcruntime:undname.obj
 0002:00000a48       ??_C@_0BL@CNOONJFP@?$GAplacement?5delete?5closure?8@ 0000000180010a48     libvcruntime:undname.obj
 0002:00000a68       ??_C@_0BN@CKNJLHMB@?$GAplacement?5delete?$FL?$FN?5closure?8@ 0000000180010a68     libvcruntime:undname.obj
 0002:00000a88       ??_C@_0CG@CFDHKGGD@?$GAmanaged?5vector?5constructor?5ite@ 0000000180010a88     libvcruntime:undname.obj
 0002:00000ab0       ??_C@_0CF@IMGKMJNO@?$GAmanaged?5vector?5destructor?5iter@ 0000000180010ab0     libvcruntime:undname.obj
 0002:00000ad8       ??_C@_0CG@HLDDJMAG@?$GAeh?5vector?5copy?5constructor?5ite@ 0000000180010ad8     libvcruntime:undname.obj
 0002:00000b00       ??_C@_0CM@FCBBDIGB@?$GAeh?5vector?5vbase?5copy?5construct@ 0000000180010b00     libvcruntime:undname.obj
 0002:00000b30       ??_C@_0BL@CLIPGLGB@?$GAdynamic?5initializer?5for?5?8@ 0000000180010b30     libvcruntime:undname.obj
 0002:00000b50       ??_C@_0CB@PDBIFEP@?$GAdynamic?5atexit?5destructor?5for?5@ 0000000180010b50     libvcruntime:undname.obj
 0002:00000b78       ??_C@_0CD@CGAJBKEJ@?$GAvector?5copy?5constructor?5iterat@ 0000000180010b78     libvcruntime:undname.obj
 0002:00000ba0       ??_C@_0CJ@GJELGAMM@?$GAvector?5vbase?5copy?5constructor?5@ 0000000180010ba0     libvcruntime:undname.obj
 0002:00000bd0       ??_C@_0CL@FGIJHLCE@?$GAmanaged?5vector?5copy?5constructo@ 0000000180010bd0     libvcruntime:undname.obj
 0002:00000c00       ??_C@_0BM@PMGGMLDN@?$GAlocal?5static?5thread?5guard?8@ 0000000180010c00     libvcruntime:undname.obj
 0002:00000c20       ??_C@_0N@BDNMDMOL@operator?5?$CC?$CC?5@ 0000000180010c20     libvcruntime:undname.obj
 0002:00000c30       ??_C@_0BC@GGEBGALA@operator?5co_await@ 0000000180010c30     libvcruntime:undname.obj
 0002:00000c48       ??_C@_0BC@DAFEJGAK@?5Type?5Descriptor?8@ 0000000180010c48     libvcruntime:undname.obj
 0002:00000c60       ??_C@_0BM@LDKODKLH@?5Base?5Class?5Descriptor?5at?5?$CI@ 0000000180010c60     libvcruntime:undname.obj
 0002:00000c80       ??_C@_0BD@LGICGFMM@?5Base?5Class?5Array?8@ 0000000180010c80     libvcruntime:undname.obj
 0002:00000c98       ??_C@_0BN@MECKDCOJ@?5Class?5Hierarchy?5Descriptor?8@ 0000000180010c98     libvcruntime:undname.obj
 0002:00000cb8       ??_C@_0BK@CFCOFLF@?5Complete?5Object?5Locator?8@ 0000000180010cb8     libvcruntime:undname.obj
 0002:00000cf0       ??_C@_1DM@KHCHBNEB@?$AAa?$AAp?$AAi?$AA?9?$AAm?$AAs?$AA?9?$AAw?$AAi?$AAn?$AA?9?$AAc?$AAo?$AAr?$AAe@ 0000000180010cf0     libvcruntime:winapi_downlevel.obj
 0002:00000d30       ??_C@_1DK@LPPGFMPP@?$AAa?$AAp?$AAi?$AA?9?$AAm?$AAs?$AA?9?$AAw?$AAi?$AAn?$AA?9?$AAc?$AAo?$AAr?$AAe@ 0000000180010d30     libvcruntime:winapi_downlevel.obj
 0002:00000d70       ??_C@_1BC@GDMECMAK@?$AAk?$AAe?$AAr?$AAn?$AAe?$AAl?$AA3?$AA2@ 0000000180010d70     libvcruntime:winapi_downlevel.obj
 0002:00000d88       ??_C@_1BA@PFFKHIOG@?$AAa?$AAp?$AAi?$AA?9?$AAm?$AAs?$AA?9@ 0000000180010d88     libvcruntime:winapi_downlevel.obj
 0002:00000d98       ??_C@_1BA@IAIFMGEF@?$AAe?$AAx?$AAt?$AA?9?$AAm?$AAs?$AA?9@ 0000000180010d98     libvcruntime:winapi_downlevel.obj
 0002:00000db0       ??_C@_08KNHFBNJ@FlsAlloc@  0000000180010db0     libvcruntime:winapi_downlevel.obj
 0002:00000dc8       ??_C@_07PEJMOBNF@FlsFree@  0000000180010dc8     libvcruntime:winapi_downlevel.obj
 0002:00000dd8       ??_C@_0M@GDNOONDI@FlsGetValue@ 0000000180010dd8     libvcruntime:winapi_downlevel.obj
 0002:00000df0       ??_C@_0M@JCPCPOEF@FlsSetValue@ 0000000180010df0     libvcruntime:winapi_downlevel.obj
 0002:00000e08       ??_C@_0BM@HCFOFFN@InitializeCriticalSectionEx@ 0000000180010e08     libvcruntime:winapi_downlevel.obj
 0002:00000ed0       ??_7exception@std@@6B@     0000000180010ed0     libvcruntime:frame.obj
 0002:00000ee0       ??_C@_0BC@EOODALEL@Unknown?5exception@ 0000000180010ee0     libvcruntime:frame.obj
 0002:00000f00       ??_7bad_exception@std@@6B@ 0000000180010f00     libvcruntime:frame.obj
 0002:00000f10       ??_C@_0O@DPKOEFFH@bad?5exception@ 0000000180010f10     libvcruntime:frame.obj
 0002:00000f60       __acrt_exception_action_table 0000000180010f60     libucrt:exception_filter.obj
 0002:00001020       __acrt_signal_action_table_count 0000000180011020     libucrt:exception_filter.obj
 0002:00001028       __acrt_signal_action_first_fpe_index 0000000180011028     libucrt:exception_filter.obj
 0002:00001030       __acrt_signal_action_fpe_count 0000000180011030     libucrt:exception_filter.obj
 0002:00001038       ??_C@_1BI@BGOHAHKC@?$AAm?$AAs?$AAc?$AAo?$AAr?$AAe?$AAe?$AA?4?$AAd?$AAl?$AAl?$AA?$AA@ 0000000180011038     libucrt:exit.obj
 0002:00001050       ??_C@_0P@MIGLKIOC@CorExitProcess?$AA@ 0000000180011050     libucrt:exit.obj
 0002:000012c0       __lc_time_c                00000001800112c0     libucrt:nlsdata.obj
 0002:00001580       ??_C@_03KOEHGMDN@Sun?$AA@  0000000180011580     libucrt:nlsdata.obj
 0002:00001584       ??_C@_03PDAGKDH@Mon?$AA@   0000000180011584     libucrt:nlsdata.obj
 0002:00001588       ??_C@_03NAGEINEP@Tue?$AA@  0000000180011588     libucrt:nlsdata.obj
 0002:0000158c       ??_C@_03MHOMLAJA@Wed?$AA@  000000018001158c     libucrt:nlsdata.obj
 0002:00001590       ??_C@_03IOFIKPDN@Thu?$AA@  0000000180011590     libucrt:nlsdata.obj
 0002:00001594       ??_C@_03IDIOELNC@Fri?$AA@  0000000180011594     libucrt:nlsdata.obj
 0002:00001598       ??_C@_03FEFJNEK@Sat?$AA@   0000000180011598     libucrt:nlsdata.obj
 0002:0000159c       ??_C@_06OOPIFAJ@Sunday?$AA@ 000000018001159c     libucrt:nlsdata.obj
 0002:000015a4       ??_C@_06JLEDEDGH@Monday?$AA@ 00000001800115a4     libucrt:nlsdata.obj
 0002:000015b0       ??_C@_07BAAGCFCM@Tuesday?$AA@ 00000001800115b0     libucrt:nlsdata.obj
 0002:000015b8       ??_C@_09DLIGFAKA@Wednesday?$AA@ 00000001800115b8     libucrt:nlsdata.obj
 0002:000015c8       ??_C@_08HACCIKIA@Thursday?$AA@ 00000001800115c8     libucrt:nlsdata.obj
 0002:000015d4       ??_C@_06JECMNKMI@Friday?$AA@ 00000001800115d4     libucrt:nlsdata.obj
 0002:000015e0       ??_C@_08INBOOONO@Saturday?$AA@ 00000001800115e0     libucrt:nlsdata.obj
 0002:000015ec       ??_C@_03JIHJHPIE@Jan?$AA@  00000001800115ec     libucrt:nlsdata.obj
 0002:000015f0       ??_C@_03HJBDCHOM@Feb?$AA@  00000001800115f0     libucrt:nlsdata.obj
 0002:000015f4       ??_C@_03ODNJBKGA@Mar?$AA@  00000001800115f4     libucrt:nlsdata.obj
 0002:000015f8       ??_C@_03LEOLGMJP@Apr?$AA@  00000001800115f8     libucrt:nlsdata.obj
 0002:000015fc       ??_C@_03CNMDKL@May?$AA@    00000001800115fc     libucrt:nlsdata.obj
 0002:00001600       ??_C@_03IDFGHECI@Jun?$AA@  0000000180011600     libucrt:nlsdata.obj
 0002:00001604       ??_C@_03LBGABGKK@Jul?$AA@  0000000180011604     libucrt:nlsdata.obj
 0002:00001608       ??_C@_03IFJFEIGA@Aug?$AA@  0000000180011608     libucrt:nlsdata.obj
 0002:0000160c       ??_C@_03GGCAPAJC@Sep?$AA@  000000018001160c     libucrt:nlsdata.obj
 0002:00001610       ??_C@_03BMAOKBAD@Oct?$AA@  0000000180011610     libucrt:nlsdata.obj
 0002:00001614       ??_C@_03JPJOFNIA@Nov?$AA@  0000000180011614     libucrt:nlsdata.obj
 0002:00001618       ??_C@_03MKABNOCG@Dec?$AA@  0000000180011618     libucrt:nlsdata.obj
 0002:00001620       ??_C@_07CGJPFGJA@January?$AA@ 0000000180011620     libucrt:nlsdata.obj
 0002:00001628       ??_C@_08GNJGEPFN@February?$AA@ 0000000180011628     libucrt:nlsdata.obj
 0002:00001634       ??_C@_05HPCKOFNC@March?$AA@ 0000000180011634     libucrt:nlsdata.obj
 0002:0000163c       ??_C@_05DMJDNLEJ@April?$AA@ 000000018001163c     libucrt:nlsdata.obj
 0002:00001644       ??_C@_04CNLMGBGM@June?$AA@ 0000000180011644     libucrt:nlsdata.obj
 0002:0000164c       ??_C@_04MIEPOIFP@July?$AA@ 000000018001164c     libucrt:nlsdata.obj
 0002:00001654       ??_C@_06LBBHFDDG@August?$AA@ 0000000180011654     libucrt:nlsdata.obj
 0002:00001660       ??_C@_09BHHEALKD@September?$AA@ 0000000180011660     libucrt:nlsdata.obj
 0002:00001670       ??_C@_07JJNFCEND@October?$AA@ 0000000180011670     libucrt:nlsdata.obj
 0002:00001678       ??_C@_08HCHEGEOA@November?$AA@ 0000000180011678     libucrt:nlsdata.obj
 0002:00001688       ??_C@_08EDHMEBNP@December?$AA@ 0000000180011688     libucrt:nlsdata.obj
 0002:00001694       ??_C@_02DEDBPAFC@AM?$AA@   0000000180011694     libucrt:nlsdata.obj
 0002:00001698       ??_C@_02CJNFDJBF@PM?$AA@   0000000180011698     libucrt:nlsdata.obj
 0002:000016a0       ??_C@_08BPBNCDIB@MM?1dd?1yy?$AA@ 00000001800116a0     libucrt:nlsdata.obj
 0002:000016b0       ??_C@_0BE@CKGJFCPC@dddd?0?5MMMM?5dd?0?5yyyy?$AA@ 00000001800116b0     libucrt:nlsdata.obj
 0002:000016c8       ??_C@_08JCCMCCIL@HH?3mm?3ss?$AA@ 00000001800116c8     libucrt:nlsdata.obj
 0002:000016d8       ??_C@_17MBGCMIPB@?$AAS?$AAu?$AAn?$AA?$AA@ 00000001800116d8     libucrt:nlsdata.obj
 0002:000016e0       ??_C@_17KBOMKBF@?$AAM?$AAo?$AAn?$AA?$AA@ 00000001800116e0     libucrt:nlsdata.obj
 0002:000016e8       ??_C@_17BMKGEGOJ@?$AAT?$AAu?$AAe?$AA?$AA@ 00000001800116e8     libucrt:nlsdata.obj
 0002:000016f0       ??_C@_17CJEDCEPE@?$AAW?$AAe?$AAd?$AA?$AA@ 00000001800116f0     libucrt:nlsdata.obj
 0002:000016f8       ??_C@_17PDPHAADD@?$AAT?$AAh?$AAu?$AA?$AA@ 00000001800116f8     libucrt:nlsdata.obj
 0002:00001700       ??_C@_17HFOLPPLP@?$AAF?$AAr?$AAi?$AA?$AA@ 0000000180011700     libucrt:nlsdata.obj
 0002:00001708       ??_C@_17GGIBDPIH@?$AAS?$AAa?$AAt?$AA?$AA@ 0000000180011708     libucrt:nlsdata.obj
 0002:00001710       ??_C@_1O@IHNHDHPB@?$AAS?$AAu?$AAn?$AAd?$AAa?$AAy?$AA?$AA@ 0000000180011710     libucrt:nlsdata.obj
 0002:00001720       ??_C@_1O@MMNBFLIA@?$AAM?$AAo?$AAn?$AAd?$AAa?$AAy?$AA?$AA@ 0000000180011720     libucrt:nlsdata.obj
 0002:00001730       ??_C@_1BA@ENFBFFEK@?$AAT?$AAu?$AAe?$AAs?$AAd?$AAa?$AAy?$AA?$AA@ 0000000180011730     libucrt:nlsdata.obj
 0002:00001740       ??_C@_1BE@EBOGMDOH@?$AAW?$AAe?$AAd?$AAn?$AAe?$AAs?$AAd?$AAa?$AAy?$AA?$AA@ 0000000180011740     libucrt:nlsdata.obj
 0002:00001758       ??_C@_1BC@HHMNLIHE@?$AAT?$AAh?$AAu?$AAr?$AAs?$AAd?$AAa?$AAy?$AA?$AA@ 0000000180011758     libucrt:nlsdata.obj
 0002:00001770       ??_C@_1O@PDICJHAG@?$AAF?$AAr?$AAi?$AAd?$AAa?$AAy?$AA?$AA@ 0000000180011770     libucrt:nlsdata.obj
 0002:00001780       ??_C@_1BC@ENMNNPAJ@?$AAS?$AAa?$AAt?$AAu?$AAr?$AAd?$AAa?$AAy?$AA?$AA@ 0000000180011780     libucrt:nlsdata.obj
 0002:00001798       ??_C@_17DKNBKCHM@?$AAJ?$AAa?$AAn?$AA?$AA@ 0000000180011798     libucrt:nlsdata.obj
 0002:000017a0       ??_C@_17LMDJEKJN@?$AAF?$AAe?$AAb?$AA?$AA@ 00000001800117a0     libucrt:nlsdata.obj
 0002:000017a8       ??_C@_17CKNLEDEC@?$AAM?$AAa?$AAr?$AA?$AA@ 00000001800117a8     libucrt:nlsdata.obj
 0002:000017b0       ??_C@_17LFPOIHDD@?$AAA?$AAp?$AAr?$AA?$AA@ 00000001800117b0     libucrt:nlsdata.obj
 0002:000017b8       ??_C@_17PNNKMEED@?$AAM?$AAa?$AAy?$AA?$AA@ 00000001800117b8     libucrt:nlsdata.obj
 0002:000017c0       ??_C@_17KCJGOCPB@?$AAJ?$AAu?$AAn?$AA?$AA@ 00000001800117c0     libucrt:nlsdata.obj
 0002:000017c8       ??_C@_17IJPCKHK@?$AAJ?$AAu?$AAl?$AA?$AA@ 00000001800117c8     libucrt:nlsdata.obj
 0002:000017d0       ??_C@_17ICPELBCN@?$AAA?$AAu?$AAg?$AA?$AA@ 00000001800117d0     libucrt:nlsdata.obj
 0002:000017d8       ??_C@_17HCHCOKMG@?$AAS?$AAe?$AAp?$AA?$AA@ 00000001800117d8     libucrt:nlsdata.obj
 0002:000017e0       ??_C@_17FNLKOI@?$AAO?$AAc?$AAt?$AA?$AA@ 00000001800117e0     libucrt:nlsdata.obj
 0002:000017e8       ??_C@_17BBDMLCIG@?$AAN?$AAo?$AAv?$AA?$AA@ 00000001800117e8     libucrt:nlsdata.obj
 0002:000017f0       ??_C@_17EGKACKIF@?$AAD?$AAe?$AAc?$AA?$AA@ 00000001800117f0     libucrt:nlsdata.obj
 0002:000017f8       ??_C@_1BA@EFMEIEBA@?$AAJ?$AAa?$AAn?$AAu?$AAa?$AAr?$AAy?$AA?$AA@ 00000001800117f8     libucrt:nlsdata.obj
 0002:00001808       ??_C@_1BC@JGDDFFAM@?$AAF?$AAe?$AAb?$AAr?$AAu?$AAa?$AAr?$AAy?$AA?$AA@ 0000000180011808     libucrt:nlsdata.obj
 0002:00001820       ??_C@_1M@IKEENEDF@?$AAM?$AAa?$AAr?$AAc?$AAh?$AA?$AA@ 0000000180011820     libucrt:nlsdata.obj
 0002:00001830       ??_C@_1M@GJNLMHFD@?$AAA?$AAp?$AAr?$AAi?$AAl?$AA?$AA@ 0000000180011830     libucrt:nlsdata.obj
 0002:00001840       ??_C@_19EPFLPGAP@?$AAJ?$AAu?$AAn?$AAe?$AA?$AA@ 0000000180011840     libucrt:nlsdata.obj
 0002:00001850       ??_C@_19BIFMLPCD@?$AAJ?$AAu?$AAl?$AAy?$AA?$AA@ 0000000180011850     libucrt:nlsdata.obj
 0002:00001860       ??_C@_1O@PAHLKOAC@?$AAA?$AAu?$AAg?$AAu?$AAs?$AAt?$AA?$AA@ 0000000180011860     libucrt:nlsdata.obj
 0002:00001870       ??_C@_1BE@DKAAMBJL@?$AAS?$AAe?$AAp?$AAt?$AAe?$AAm?$AAb?$AAe?$AAr?$AA?$AA@ 0000000180011870     libucrt:nlsdata.obj
 0002:00001888       ??_C@_1BA@EPANDLNG@?$AAO?$AAc?$AAt?$AAo?$AAb?$AAe?$AAr?$AA?$AA@ 0000000180011888     libucrt:nlsdata.obj
 0002:00001898       ??_C@_1BC@BGLIFPF@?$AAN?$AAo?$AAv?$AAe?$AAm?$AAb?$AAe?$AAr?$AA?$AA@ 0000000180011898     libucrt:nlsdata.obj
 0002:000018b0       ??_C@_1BC@FEMKIFH@?$AAD?$AAe?$AAc?$AAe?$AAm?$AAb?$AAe?$AAr?$AA?$AA@ 00000001800118b0     libucrt:nlsdata.obj
 0002:000018c4       ??_C@_15ODEHAHHF@?$AAA?$AAM?$AA?$AA@ 00000001800118c4     libucrt:nlsdata.obj
 0002:000018cc       ??_C@_15CLMNNGEL@?$AAP?$AAM?$AA?$AA@ 00000001800118cc     libucrt:nlsdata.obj
 0002:000018d8       ??_C@_1BC@IEBCMHCM@?$AAM?$AAM?$AA?1?$AAd?$AAd?$AA?1?$AAy?$AAy?$AA?$AA@ 00000001800118d8     libucrt:nlsdata.obj
 0002:000018f0       ??_C@_1CI@KNAKOEBC@?$AAd?$AAd?$AAd?$AAd?$AA?0?$AA?5?$AAM?$AAM?$AAM?$AAM?$AA?5?$AAd?$AAd?$AA?0?$AA?5?$AAy?$AAy?$AAy?$AAy?$AA?$AA@ 00000001800118f0     libucrt:nlsdata.obj
 0002:00001918       ??_C@_1BC@GDGBMEMK@?$AAH?$AAH?$AA?3?$AAm?$AAm?$AA?3?$AAs?$AAs?$AA?$AA@ 0000000180011918     libucrt:nlsdata.obj
 0002:00001930       ??_C@_1M@BMHNFIME@?$AAe?$AAn?$AA?9?$AAU?$AAS?$AA?$AA@ 0000000180011930     libucrt:nlsdata.obj
 0002:00001960       ??_C@_1M@HPNHIDJI@?$AAj?$AAa?$AA?9?$AAJ?$AAP?$AA?$AA@ 0000000180011960     libucrt:mbctype.obj
 0002:00001970       ??_C@_1M@BIBDDEMK@?$AAz?$AAh?$AA?9?$AAC?$AAN?$AA?$AA@ 0000000180011970     libucrt:mbctype.obj
 0002:00001980       ??_C@_1M@JLOOOEGK@?$AAk?$AAo?$AA?9?$AAK?$AAR?$AA?$AA@ 0000000180011980     libucrt:mbctype.obj
 0002:00001990       ??_C@_1M@CLNBBOPM@?$AAz?$AAh?$AA?9?$AAT?$AAW?$AA?$AA@ 0000000180011990     libucrt:mbctype.obj
 0002:00001a40       ??_C@_1EA@JGEFHKEI@?$AAa?$AAp?$AAi?$AA?9?$AAm?$AAs?$AA?9?$AAw?$AAi?$AAn?$AA?9?$AAc?$AAo?$AAr?$AAe?$AA?9?$AAd?$AAa?$AAt?$AAe?$AAt?$AAi?$AAm?$AAe?$AA?9?$AAl?$AA1?$AA?9?$AA1?$AA?9?$AA1?$AA?$AA@ 0000000180011a40     libucrt:winapi_thunks.obj
 0002:00001a80       ??_C@_1DM@KHCHBNEB@?$AAa?$AAp?$AAi?$AA?9?$AAm?$AAs?$AA?9?$AAw?$AAi?$AAn?$AA?9?$AAc?$AAo?$AAr?$AAe?$AA?9?$AAf?$AAi?$AAb?$AAe?$AAr?$AAs?$AA?9?$AAl?$AA1?$AA?9?$AA1?$AA?9?$AA1?$AA?$AA@ 0000000180011a80     libucrt:winapi_thunks.obj
 0002:00001ac0       ??_C@_1DI@IJCEHOCB@?$AAa?$AAp?$AAi?$AA?9?$AAm?$AAs?$AA?9?$AAw?$AAi?$AAn?$AA?9?$AAc?$AAo?$AAr?$AAe?$AA?9?$AAf?$AAi?$AAl?$AAe?$AA?9?$AAl?$AA1?$AA?9?$AA2?$AA?9?$AA2?$AA?$AA@ 0000000180011ac0     libucrt:winapi_thunks.obj
 0002:00001b00       ??_C@_1EI@MPIAOHOC@?$AAa?$AAp?$AAi?$AA?9?$AAm?$AAs?$AA?9?$AAw?$AAi?$AAn?$AA?9?$AAc?$AAo?$AAr?$AAe?$AA?9?$AAl?$AAo?$AAc?$AAa?$AAl?$AAi?$AAz?$AAa?$AAt?$AAi?$AAo?$AAn?$AA?9?$AAl?$AA1?$AA?9@ 0000000180011b00     libucrt:winapi_thunks.obj
 0002:00001b50       ??_C@_1FK@FPHCKFIE@?$AAa?$AAp?$AAi?$AA?9?$AAm?$AAs?$AA?9?$AAw?$AAi?$AAn?$AA?9?$AAc?$AAo?$AAr?$AAe?$AA?9?$AAl?$AAo?$AAc?$AAa?$AAl?$AAi?$AAz?$AAa?$AAt?$AAi?$AAo?$AAn?$AA?9?$AAo?$AAb?$AAs@ 0000000180011b50     libucrt:winapi_thunks.obj
 0002:00001bb0       ??_C@_1EM@DILCGIIO@?$AAa?$AAp?$AAi?$AA?9?$AAm?$AAs?$AA?9?$AAw?$AAi?$AAn?$AA?9?$AAc?$AAo?$AAr?$AAe?$AA?9?$AAp?$AAr?$AAo?$AAc?$AAe?$AAs?$AAs?$AAt?$AAh?$AAr?$AAe?$AAa?$AAd?$AAs?$AA?9?$AAl@ 0000000180011bb0     libucrt:winapi_thunks.obj
 0002:00001c00       ??_C@_1DM@LNCGDDPN@?$AAa?$AAp?$AAi?$AA?9?$AAm?$AAs?$AA?9?$AAw?$AAi?$AAn?$AA?9?$AAc?$AAo?$AAr?$AAe?$AA?9?$AAs?$AAt?$AAr?$AAi?$AAn?$AAg?$AA?9?$AAl?$AA1?$AA?9?$AA1?$AA?9?$AA0?$AA?$AA@ 0000000180011c00     libucrt:winapi_thunks.obj
 0002:00001c40       ??_C@_1DK@LPPGFMPP@?$AAa?$AAp?$AAi?$AA?9?$AAm?$AAs?$AA?9?$AAw?$AAi?$AAn?$AA?9?$AAc?$AAo?$AAr?$AAe?$AA?9?$AAs?$AAy?$AAn?$AAc?$AAh?$AA?9?$AAl?$AA1?$AA?9?$AA2?$AA?9?$AA0?$AA?$AA@ 0000000180011c40     libucrt:winapi_thunks.obj
 0002:00001c80       ??_C@_1DO@FPAPJEMD@?$AAa?$AAp?$AAi?$AA?9?$AAm?$AAs?$AA?9?$AAw?$AAi?$AAn?$AA?9?$AAc?$AAo?$AAr?$AAe?$AA?9?$AAs?$AAy?$AAs?$AAi?$AAn?$AAf?$AAo?$AA?9?$AAl?$AA1?$AA?9?$AA2?$AA?9?$AA1?$AA?$AA@ 0000000180011c80     libucrt:winapi_thunks.obj
 0002:00001cc0       ??_C@_1DK@NDHNAHIO@?$AAa?$AAp?$AAi?$AA?9?$AAm?$AAs?$AA?9?$AAw?$AAi?$AAn?$AA?9?$AAc?$AAo?$AAr?$AAe?$AA?9?$AAw?$AAi?$AAn?$AAr?$AAt?$AA?9?$AAl?$AA1?$AA?9?$AA1?$AA?9?$AA0?$AA?$AA@ 0000000180011cc0     libucrt:winapi_thunks.obj
 0002:00001d00       ??_C@_1DM@KGHDGBCM@?$AAa?$AAp?$AAi?$AA?9?$AAm?$AAs?$AA?9?$AAw?$AAi?$AAn?$AA?9?$AAc?$AAo?$AAr?$AAe?$AA?9?$AAx?$AAs?$AAt?$AAa?$AAt?$AAe?$AA?9?$AAl?$AA2?$AA?9?$AA1?$AA?9?$AA0?$AA?$AA@ 0000000180011d00     libucrt:winapi_thunks.obj
 0002:00001d40       ??_C@_1EO@IJIOEFOH@?$AAa?$AAp?$AAi?$AA?9?$AAm?$AAs?$AA?9?$AAw?$AAi?$AAn?$AA?9?$AAr?$AAt?$AAc?$AAo?$AAr?$AAe?$AA?9?$AAn?$AAt?$AAu?$AAs?$AAe?$AAr?$AA?9?$AAw?$AAi?$AAn?$AAd?$AAo?$AAw?$AA?9@ 0000000180011d40     libucrt:winapi_thunks.obj
 0002:00001d90       ??_C@_1FG@HHGEKANL@?$AAa?$AAp?$AAi?$AA?9?$AAm?$AAs?$AA?9?$AAw?$AAi?$AAn?$AA?9?$AAs?$AAe?$AAc?$AAu?$AAr?$AAi?$AAt?$AAy?$AA?9?$AAs?$AAy?$AAs?$AAt?$AAe?$AAm?$AAf?$AAu?$AAn?$AAc?$AAt?$AAi@ 0000000180011d90     libucrt:winapi_thunks.obj
 0002:00001df0       ??_C@_1EG@DBIOJECG@?$AAe?$AAx?$AAt?$AA?9?$AAm?$AAs?$AA?9?$AAw?$AAi?$AAn?$AA?9?$AAn?$AAt?$AAu?$AAs?$AAe?$AAr?$AA?9?$AAd?$AAi?$AAa?$AAl?$AAo?$AAg?$AAb?$AAo?$AAx?$AA?9?$AAl?$AA1?$AA?9?$AA1@ 0000000180011df0     libucrt:winapi_thunks.obj
 0002:00001e40       ??_C@_1EO@FIHMJCLF@?$AAe?$AAx?$AAt?$AA?9?$AAm?$AAs?$AA?9?$AAw?$AAi?$AAn?$AA?9?$AAn?$AAt?$AAu?$AAs?$AAe?$AAr?$AA?9?$AAw?$AAi?$AAn?$AAd?$AAo?$AAw?$AAs?$AAt?$AAa?$AAt?$AAi?$AAo?$AAn?$AA?9@ 0000000180011e40     libucrt:winapi_thunks.obj
 0002:00001e90       ??_C@_1BC@DNHGCMLG@?$AAa?$AAd?$AAv?$AAa?$AAp?$AAi?$AA3?$AA2?$AA?$AA@ 0000000180011e90     libucrt:winapi_thunks.obj
 0002:00001ea8       ??_C@_1BC@GDMECMAK@?$AAk?$AAe?$AAr?$AAn?$AAe?$AAl?$AA3?$AA2?$AA?$AA@ 0000000180011ea8     libucrt:winapi_thunks.obj
 0002:00001ec0       ??_C@_1M@OAIMIKLP@?$AAn?$AAt?$AAd?$AAl?$AAl?$AA?$AA@ 0000000180011ec0     libucrt:winapi_thunks.obj
 0002:00001ed0       ??_C@_1EG@DPGNFKGC@?$AAa?$AAp?$AAi?$AA?9?$AAm?$AAs?$AA?9?$AAw?$AAi?$AAn?$AA?9?$AAa?$AAp?$AAp?$AAm?$AAo?$AAd?$AAe?$AAl?$AA?9?$AAr?$AAu?$AAn?$AAt?$AAi?$AAm?$AAe?$AA?9?$AAl?$AA1?$AA?9?$AA1@ 0000000180011ed0     libucrt:winapi_thunks.obj
 0002:00001f18       ??_C@_1O@BCCLBEOE@?$AAu?$AAs?$AAe?$AAr?$AA3?$AA2?$AA?$AA@ 0000000180011f18     libucrt:winapi_thunks.obj
 0002:00001f28       ??_C@_1BA@PFFKHIOG@?$AAa?$AAp?$AAi?$AA?9?$AAm?$AAs?$AA?9?$AA?$AA@ 0000000180011f28     libucrt:winapi_thunks.obj
 0002:00001f38       ??_C@_1BA@IAIFMGEF@?$AAe?$AAx?$AAt?$AA?9?$AAm?$AAs?$AA?9?$AA?$AA@ 0000000180011f38     libucrt:winapi_thunks.obj
 0002:00001f50       ??_C@_08KNHFBNJ@FlsAlloc?$AA@ 0000000180011f50     libucrt:winapi_thunks.obj
 0002:00001f68       ??_C@_07PEJMOBNF@FlsFree?$AA@ 0000000180011f68     libucrt:winapi_thunks.obj
 0002:00001f78       ??_C@_0M@GDNOONDI@FlsGetValue?$AA@ 0000000180011f78     libucrt:winapi_thunks.obj
 0002:00001f90       ??_C@_0M@JCPCPOEF@FlsSetValue?$AA@ 0000000180011f90     libucrt:winapi_thunks.obj
 0002:00001fa8       ??_C@_0BM@HCFOFFN@InitializeCriticalSectionEx?$AA@ 0000000180011fa8     libucrt:winapi_thunks.obj
 0002:00001fd0       ??_C@_0O@KKBNKAPF@LCMapStringEx?$AA@ 0000000180011fd0     libucrt:winapi_thunks.obj
 0002:00001fe8       ??_C@_0BB@HBDEELFH@LocaleNameToLCID?$AA@ 0000000180011fe8     libucrt:winapi_thunks.obj
 0002:00002000       ??_C@_0CF@OJOFEIGO@AppPolicyGetProcessTerminationMe@ 0000000180012000     libucrt:winapi_thunks.obj
 0002:00002030       __newctype                 0000000180012030     libucrt:ctype.obj
 0002:00002330       __newclmap                 0000000180012330     libucrt:ctype.obj
 0002:000024b0       __newcumap                 00000001800124b0     libucrt:ctype.obj
 0002:00002630       ??_C@_15PJPFLCCM@?$AAu?$AAk?$AA?$AA@ 0000000180012630     libucrt:get_qualified_locale.obj
 0002:00003480       ??_C@_15EMKDOKLE@?$AAa?$AAr?$AA?$AA@ 0000000180013480     libucrt:lcidtoname_downlevel.obj
 0002:00003488       ??_C@_15KNPADPLH@?$AAb?$AAg?$AA?$AA@ 0000000180013488     libucrt:lcidtoname_downlevel.obj
 0002:00003490       ??_C@_15EDMHLDMO@?$AAc?$AAa?$AA?$AA@ 0000000180013490     libucrt:lcidtoname_downlevel.obj
 0002:00003498       ??_C@_1O@BPEAJADD@?$AAz?$AAh?$AA?9?$AAC?$AAH?$AAS?$AA?$AA@ 0000000180013498     libucrt:lcidtoname_downlevel.obj
 0002:000034a8       ??_C@_15LJNHCMNK@?$AAc?$AAs?$AA?$AA@ 00000001800134a8     libucrt:lcidtoname_downlevel.obj
 0002:000034b0       ??_C@_15FOMCIDHG@?$AAd?$AAa?$AA?$AA@ 00000001800134b0     libucrt:lcidtoname_downlevel.obj
 0002:000034b8       ??_C@_15NBKABECB@?$AAd?$AAe?$AA?$AA@ 00000001800134b8     libucrt:lcidtoname_downlevel.obj
 0002:000034c0       ??_C@_15GHPEIIAO@?$AAe?$AAl?$AA?$AA@ 00000001800134c0     libucrt:lcidtoname_downlevel.obj
 0002:000034c8       ??_C@_15MNPNEAIF@?$AAe?$AAn?$AA?$AA@ 00000001800134c8     libucrt:lcidtoname_downlevel.obj
 0002:000034d0       ??_C@_15GPIOMPMH@?$AAe?$AAs?$AA?$AA@ 00000001800134d0     libucrt:lcidtoname_downlevel.obj
 0002:000034d8       ??_C@_15NGLOAKJC@?$AAf?$AAi?$AA?$AA@ 00000001800134d8     libucrt:lcidtoname_downlevel.obj
 0002:000034e0       ??_C@_15FBKGNKAM@?$AAf?$AAr?$AA?$AA@ 00000001800134e0     libucrt:lcidtoname_downlevel.obj
 0002:000034e8       ??_C@_15KGGCNEFK@?$AAh?$AAe?$AA?$AA@ 00000001800134e8     libucrt:lcidtoname_downlevel.obj
 0002:000034f0       ??_C@_15PGHLIDMF@?$AAh?$AAu?$AA?$AA@ 00000001800134f0     libucrt:lcidtoname_downlevel.obj
 0002:000034f8       ??_C@_15BIEMAPLM@?$AAi?$AAs?$AA?$AA@ 00000001800134f8     libucrt:lcidtoname_downlevel.obj
 0002:00003500       ??_C@_15IFJLDHAF@?$AAi?$AAt?$AA?$AA@ 0000000180013500     libucrt:lcidtoname_downlevel.obj
 0002:00003508       ??_C@_15GEMIOCAG@?$AAj?$AAa?$AA?$AA@ 0000000180013508     libucrt:lcidtoname_downlevel.obj
 0002:00003510       ??_C@_15EPELEGJA@?$AAk?$AAo?$AA?$AA@ 0000000180013510     libucrt:lcidtoname_downlevel.obj
 0002:00003518       ??_C@_15NDDHIMN@?$AAn?$AAl?$AA?$AA@ 0000000180013518     libucrt:lcidtoname_downlevel.obj
 0002:00003520       ??_C@_15BPIGNHCD@?$AAn?$AAo?$AA?$AA@ 0000000180013520     libucrt:lcidtoname_downlevel.obj
 0002:00003528       ??_C@_15DEOPBLCG@?$AAp?$AAl?$AA?$AA@ 0000000180013528     libucrt:lcidtoname_downlevel.obj
 0002:00003530       ??_C@_15KBECGEFG@?$AAp?$AAt?$AA?$AA@ 0000000180013530     libucrt:lcidtoname_downlevel.obj
 0002:00003538       ??_C@_15GLJCBFMD@?$AAr?$AAo?$AA?$AA@ 0000000180013538     libucrt:lcidtoname_downlevel.obj
 0002:00003540       ??_C@_15FEDGKCDI@?$AAr?$AAu?$AA?$AA@ 0000000180013540     libucrt:lcidtoname_downlevel.obj
 0002:00003548       ??_C@_15GLKMLLHM@?$AAh?$AAr?$AA?$AA@ 0000000180013548     libucrt:lcidtoname_downlevel.obj
[...]
 0004:00000a68       $pdata$??$?RV<lambda_886d6c58226a84441f68b9f2b8217b83>@@AEAV<lambda_ab61a845afdef5b7c387490eaf3616ee>@@V<lambda_f7f22ab5edc0698d5f6905b0d3f44752>@@@?$__crt_seh_guarded_call@X@@QEAAX$$QEAV<lambda_886d6c58226a84441f68b9f2b8217b83>@@AEAV<lambda_ab61a845afdef5b7c387490eaf3616ee>@@$$QEAV<lambda_f7f22ab5edc0698d5f6905b0d3f44752>@@@Z 000000018001ca68     libucrt:fflush.obj
 0004:00000a74       $pdata$?common_flush_all@@YAH_N@Z 000000018001ca74     libucrt:fflush.obj
 0004:00000a80       $pdata$__acrt_stdio_flush_nolock 000000018001ca80     libucrt:fflush.obj
 0004:00000a8c       $pdata$_fflush_nolock      000000018001ca8c     libucrt:fflush.obj
 0004:00000a98       $pdata$__acrt_initialize_stdio 000000018001ca98     libucrt:_file.obj
 0004:00000aa4       $pdata$__acrt_uninitialize_stdio 000000018001caa4     libucrt:_file.obj
 0004:00000ab0       $pdata$_malloc_base        000000018001cab0     libucrt:malloc_base.obj
 0004:00000abc       $pdata$_mbtowc_l           000000018001cabc     libucrt:mbtowc.obj
 0004:00000ac8       $pdata$_fileno             000000018001cac8     libucrt:fileno.obj
 0004:00000ad4       $pdata$__pctype_func       000000018001cad4     libucrt:ctype.obj
 0004:00000ae0       $pdata$_isctype_l          000000018001cae0     libucrt:isctype.obj
 0004:00000aec       $pdata$_isleadbyte_l       000000018001caec     libucrt:_wctype.obj
 0004:00000af8       $pdata$?__acrt_LCMapStringA_stat@@YAHPEAU__crt_locale_pointers@@PEB_WKPEBDHPEADHHH@Z 000000018001caf8     libucrt:lcmapstringa.obj
 0004:00000b04       $pdata$__acrt_LCMapStringA 000000018001cb04     libucrt:lcmapstringa.obj
 0004:00000b10       $pdata$__acrt_free_locale  000000018001cb10     libucrt:locale_refcounting.obj
 0004:00000b1c       $pdata$__acrt_locale_free_lc_time_if_unreferenced 000000018001cb1c     libucrt:locale_refcounting.obj
 0004:00000b28       $pdata$__acrt_release_locale_ref 000000018001cb28     libucrt:locale_refcounting.obj
 0004:00000b34       $pdata$__acrt_update_thread_locale_data 000000018001cb34     libucrt:locale_refcounting.obj
 0004:00000b40       $pdata$_updatetlocinfoEx_nolock 000000018001cb40     libucrt:locale_refcounting.obj
 0004:00000b4c       $pdata$__acrt_locale_free_monetary 000000018001cb4c     libucrt:initmon.obj
 0004:00000b58       $pdata$__acrt_locale_free_numeric 000000018001cb58     libucrt:initnum.obj
 0004:00000b64       $pdata$?free_crt_array_internal@@YAXQEAPEBX_K@Z 000000018001cb64     libucrt:inittime.obj
 0004:00000b70       $pdata$__acrt_locale_free_time 000000018001cb70     libucrt:inittime.obj
 0004:00000b7c       $pdata$__acrt_GetStringTypeA 000000018001cb7c     libucrt:getstringtypea.obj
 0004:00000b88       $pdata$qsort               000000018001cb88     libucrt:qsort.obj
 0004:00000b94       $pdata$4$qsort             000000018001cb94     libucrt:qsort.obj
 0004:00000ba0       $pdata$5$qsort             000000018001cba0     libucrt:qsort.obj
 0004:00000bac       $pdata$strncpy_s           000000018001cbac     libucrt:strncpy_s.obj
 0004:00000bb8       $pdata$fallbackMethod      000000018001cbb8     libucrt:strpbrk.obj
 0004:00000bc4       $pdata$strpbrk             000000018001cbc4     libucrt:strpbrk.obj
 0004:00000bd0       $pdata$??$__acrt_convert_wcs_mbs@D_W$$A6A_KPEA_WPEBD_KPEAU__crt_locale_pointers@@@ZU__crt_win32_buffer_internal_dynamic_resizing@@@@YAHQEBDAEAV?$__crt_win32_buffer@_WU__crt_win32_buffer_internal_dynamic_resizing@@@@A6A_KPEA_WPEBD_KPEAU__crt_locale_pointers@@@Z5@Z 000000018001cbd0     libucrt:findfirstfileexa.obj
 0004:00000bdc       $pdata$__acrt_FindFirstFileExA 000000018001cbdc     libucrt:findfirstfileexa.obj
 0004:00000be8       $pdata$??$__acrt_convert_wcs_mbs@_WD$$A6A_KPEADPEB_W_KPEAU__crt_locale_pointers@@@ZU__crt_win32_buffer_no_resizing@@@@YAHQEB_WAEAV?$__crt_win32_buffer@DU__crt_win32_buffer_no_resizing@@@@A6A_KPEADPEB_W_KPEAU__crt_locale_pointers@@@Z5@Z 000000018001cbe8     libucrt:findnextfilea.obj
 0004:00000bf4       $pdata$__acrt_FindNextFileA 000000018001cbf4     libucrt:findnextfilea.obj
 0004:00000c00       $pdata$_mbsdec_l           000000018001cc00     libucrt:mbsdec.obj
 0004:00000c0c       $pdata$?_mbstowcs_l_helper@@YA_KPEA_WPEBD_KPEAU__crt_locale_pointers@@@Z 000000018001cc0c     libucrt:mbstowcs.obj
 0004:00000c18       $pdata$?initialize_multibyte@@YAHXZ 000000018001cc18     libucrt:multibyte_initializer.obj
 0004:00000c24       $pdata$_msize_base         000000018001cc24     libucrt:msize.obj
 0004:00000c30       $pdata$_realloc_base       000000018001cc30     libucrt:realloc_base.obj
 0004:00000c3c       $pdata$?GetTableIndexFromLocaleName@@YAHPEB_W@Z 000000018001cc3c     libucrt:lcidtoname_downlevel.obj
 0004:00000c48       $pdata$__acrt_DownlevelLocaleNameToLCID 000000018001cc48     libucrt:lcidtoname_downlevel.obj
 0004:00000c54       $pdata$__acrt_lowio_create_handle_array 000000018001cc54     libucrt:osfinfo.obj
 0004:00000c60       $pdata$__acrt_lowio_destroy_handle_array 000000018001cc60     libucrt:osfinfo.obj
 0004:00000c6c       $pdata$__acrt_lowio_ensure_fh_exists 000000018001cc6c     libucrt:osfinfo.obj
 0004:00000c78       $pdata$_free_osfhnd        000000018001cc78     libucrt:osfinfo.obj
 0004:00000c84       $pdata$_get_osfhandle      000000018001cc84     libucrt:osfinfo.obj
 0004:00000c90       $pdata$??$?RV<lambda_a37b2b86f63e897a80ea819b0eb08c01>@@AEAV<lambda_38ce7e780aa69e748d6df282ebc68efe>@@V<lambda_99fb1378e971ab6e7edea83e3a7a83a2>@@@?$__crt_seh_guarded_call@H@@QEAAH$$QEAV<lambda_a37b2b86f63e897a80ea819b0eb08c01>@@AEAV<lambda_38ce7e780aa69e748d6df282ebc68efe>@@$$QEAV<lambda_99fb1378e971ab6e7edea83e3a7a83a2>@@@Z 000000018001cc90     libucrt:commit.obj
 0004:00000c9c       $pdata$_commit             000000018001cc9c     libucrt:commit.obj
 0004:00000ca8       $pdata$?write_double_translated_ansi_nolock@@YA?AUwrite_result@?A0x17268360@@HQEBDI@Z 000000018001cca8     libucrt:write.obj
 0004:00000cb4       $pdata$?write_text_ansi_nolock@@YA?AUwrite_result@?A0x17268360@@HQEBDI@Z 000000018001ccb4     libucrt:write.obj
 0004:00000cc0       $pdata$?write_text_utf16le_nolock@@YA?AUwrite_result@?A0x17268360@@HQEBDI@Z 000000018001ccc0     libucrt:write.obj
 0004:00000ccc       $pdata$?write_text_utf8_nolock@@YA?AUwrite_result@?A0x17268360@@HQEBDI@Z 000000018001cccc     libucrt:write.obj
 0004:00000cd8       $pdata$_write              000000018001ccd8     libucrt:write.obj
 0004:00000ce4       $pdata$_write_nolock       000000018001cce4     libucrt:write.obj
 0004:00000cf0       $pdata$_fcloseall          000000018001ccf0     libucrt:closeall.obj
 0004:00000cfc       $pdata$__acrt_stdio_free_buffer_nolock 000000018001ccfc     libucrt:_freebuf.obj
 0004:00000d08       $pdata$_isatty             000000018001cd08     libucrt:isatty.obj
 0004:00000d14       $pdata$?__mbrtowc_utf8@__crt_mbstring@@YA_KPEA_WPEBD_KPEAU_Mbstatet@@@Z 000000018001cd14     libucrt:mbrtowc.obj
 0004:00000d20       $pdata$?__mbsrtowcs_utf8@__crt_mbstring@@YA_KPEA_WPEAPEBD_KPEAU_Mbstatet@@@Z 000000018001cd20     libucrt:mbrtowc.obj
 0004:00000d2c       $pdata$?_wcstombs_l_helper@@YA_KPEADPEB_W_KPEAU__crt_locale_pointers@@@Z 000000018001cd2c     libucrt:wcstombs.obj
 0004:00000d38       $pdata$??$common_lseek_nolock@_J@@YA_JH_JH@Z 000000018001cd38     libucrt:lseek.obj
 0004:00000d44       $pdata$_putwch_nolock      000000018001cd44     libucrt:putwch.obj
 0004:00000d50       $pdata$_fclose_nolock      000000018001cd50     libucrt:fclose.obj
 0004:00000d5c       $pdata$fclose              000000018001cd5c     libucrt:fclose.obj
 0004:00000d68       $pdata$?__mbrtoc32_utf8@__crt_mbstring@@YA_KPEA_UPEBD_KPEAU_Mbstatet@@@Z 000000018001cd68     libucrt:mbrtoc32.obj
 0004:00000d80       $pdata$?__wcsrtombs_utf8@__crt_mbstring@@YA_KPEADPEAPEB_W_KPEAU_Mbstatet@@@Z 000000018001cd80     libucrt:wcrtomb.obj
 0004:00000d8c       $pdata$__dcrt_lowio_ensure_console_output_initialized 000000018001cd8c     libucrt:initcon.obj
 0004:00000d98       $pdata$__dcrt_terminate_console_output 000000018001cd98     libucrt:initcon.obj
 0004:00000da4       $pdata$__dcrt_write_console 000000018001cda4     libucrt:initcon.obj
 0004:00000db0       $pdata$??$?RV<lambda_751a882b2c74d4b022dec766aa51a29a>@@AEAV<lambda_628dfdc04ba53c8bfc02c9951375f3f5>@@V<lambda_f6c7be5f7998530c34de24c7437d6b54>@@@?$__crt_seh_guarded_call@H@@QEAAH$$QEAV<lambda_751a882b2c74d4b022dec766aa51a29a>@@AEAV<lambda_628dfdc04ba53c8bfc02c9951375f3f5>@@$$QEAV<lambda_f6c7be5f7998530c34de24c7437d6b54>@@@Z 000000018001cdb0     libucrt:close.obj
 0004:00000dbc       $pdata$_close              000000018001cdbc     libucrt:close.obj
 0004:00000dc8       $pdata$_close_nolock       000000018001cdc8     libucrt:close.obj
 0004:00000dd4       $pdata$_call_matherr       000000018001cdd4     libucrt:libm_error.obj
 0004:00000de0       $pdata$_exception_enabled  000000018001cde0     libucrt:libm_error.obj
 0004:00000dec       $pdata$_handle_error       000000018001cdec     libucrt:libm_error.obj
 0004:00000df8       $pdata$__acrt_initialize_fma3 000000018001cdf8     libucrt:fma3_available.obj
 0004:00000e04       $pdata$_log10_special      000000018001ce04     libucrt:log_special.obj
 0004:00000e10       $pdata$_log_special_common 000000018001ce10     libucrt:log_special.obj
 0004:00000e1c       $pdata$?__c16rtomb_utf8@__crt_mbstring@@YA_KPEAD_SPEAU_Mbstatet@@@Z 000000018001ce1c     libucrt:c16rtomb.obj
 0004:00000e34       $pdata$_raise_exc          000000018001ce34     libucrt:fpexcept.obj
 0004:00000e40       $pdata$_raise_exc_ex       000000018001ce40     libucrt:fpexcept.obj
 0004:00000e4c       $pdata$_set_errno_from_matherr 000000018001ce4c     libucrt:fpexcept.obj
 0004:00000e58       $pdata$_clrfp              000000018001ce58     libucrt:fpctrl.obj
 0004:00000e64       $pdata$_ctrlfp             000000018001ce64     libucrt:fpctrl.obj
 0004:00000e70       $pdata$_set_statfp         000000018001ce70     libucrt:fpctrl.obj
 0004:00000e7c       $pdata$_statfp             000000018001ce7c     libucrt:fpctrl.obj
 0004:00000e88       $pdata$?__c32rtomb_utf8@__crt_mbstring@@YA_KPEAD_UPEAU_Mbstatet@@@Z 000000018001ce88     libucrt:c32rtomb.obj
 0004:00000e94       $pdata$?DloadAcquireSectionWriteAccess@@YAXXZ 000000018001ce94     DelayImp:delayhlp.obj
 0004:00000ea0       $pdata$?DloadGetSRWLockFunctionPointers@@YAEXZ 000000018001cea0     DelayImp:delayhlp.obj
 0004:00000eac       $pdata$?DloadMakePermanentImageCommit@@YAXPEAX_K@Z 000000018001ceac     DelayImp:delayhlp.obj
 0004:00000eb8       $pdata$?DloadObtainSection@@YAPEAXPEAK0@Z 000000018001ceb8     DelayImp:delayhlp.obj
 0004:00000ec4       $pdata$?DloadProtectSection@@YAXKPEAK@Z 000000018001cec4     DelayImp:delayhlp.obj
 0004:00000ed0       $pdata$?DloadReleaseSectionWriteAccess@@YAXXZ 000000018001ced0     DelayImp:delayhlp.obj
 0004:00000edc       $pdata$__delayLoadHelper2  000000018001cedc     DelayImp:delayhlp.obj
 0004:00000ee8       $pdata$_IsNonwritableInCurrentImage 000000018001cee8     LIBCMT:pesect.obj
 0004:00000ef4       $pdata$??_Gtype_info@@UEAAPEAXI@Z 000000018001cef4     LIBCMT:std_type_info_static.obj
 0004:00000f00       $pdata$__GSHandlerCheck    000000018001cf00     LIBCMT:_gshandler_.obj
 0004:00000f0c       $pdata$__GSHandlerCheckCommon 000000018001cf0c     LIBCMT:_gshandler_.obj
 0004:00000f24       $pdata$__GSHandlerCheck_EH 000000018001cf24     LIBCMT:gshandlereh.obj
 0004:00000f48       $pdata$?fin$0@?0??dllmain_crt_process_attach@@YAHQEAUHINSTANCE__@@QEAX@Z@4HA 000000018001cf48     LIBCMT:dll_dllmain.obj
 0004:00000f54       $pdata$?fin$0@?0??dllmain_crt_process_detach@@YAH_N@Z@4HA 000000018001cf54     LIBCMT:dll_dllmain.obj
 0004:00000f60       $pdata$?filt$0@?0??dllmain_dispatch@@YAHQEAUHINSTANCE__@@KQEAX@Z@4HA 000000018001cf60     LIBCMT:dll_dllmain.obj
 0004:00000f6c       $pdata$__scrt_is_nonwritable_in_current_image$filt$0 000000018001cf6c     LIBCMT:utility.obj
 0004:00000f78       $pdata$__DestructExceptionObject$filt$0 000000018001cf78     libvcruntime:ehhelpers.obj
 0004:00000f84       $pdata$?filt$0@?0???$_CallSETranslator@V__FrameHandler3@@@@YAHPEAUEHExceptionRecord@@PEA_KPEAU_CONTEXT@@PEAU_xDISPATCHER_CONTEXT@@PEBU_s_FuncInfo@@K1@Z@4HA 000000018001cf84     libvcruntime:risctrnsctrl.obj
 0004:00000f90       $pdata$?filt$0@?0??CxxCallCatchBlock@__FrameHandler3@@SAPEAXPEAU_EXCEPTION_RECORD@@@Z@4HA 000000018001cf90     libvcruntime:frame.obj
 0004:00000f9c       $pdata$?fin$1@?0??CxxCallCatchBlock@__FrameHandler3@@SAPEAXPEAU_EXCEPTION_RECORD@@@Z@4HA 000000018001cf9c     libvcruntime:frame.obj
 0004:00000fa8       $pdata$?filt$0@?0??FrameUnwindToState@__FrameHandler3@@SAXPEA_KPEAU_xDISPATCHER_CONTEXT@@PEBU_s_FuncInfo@@H@Z@4HA 000000018001cfa8     libvcruntime:frame.obj
 0004:00000fb4       $pdata$?fin$1@?0??FrameUnwindToState@__FrameHandler3@@SAXPEA_KPEAU_xDISPATCHER_CONTEXT@@PEBU_s_FuncInfo@@H@Z@4HA 000000018001cfb4     libvcruntime:frame.obj
 0004:00000fc0       $pdata$?fin$0@?0???$?RV<lambda_efdfa57d1f175319df784efa44bb7b81>@@AEAV<lambda_5f0a4c1567f8adc6734073e5d1e1b35c>@@V<lambda_2e8a7d3640ea6ccb4c2413664c2db6fd>@@@?$__crt_seh_guarded_call@X@@QEAAX$$QEAV<lambda_efdfa57d1f175319df784efa44bb7b81>@@AEAV<lambda_5f0a4c1567f8adc6734073e5d1e1b35c>@@$$QEAV<lambda_2e8a7d3640ea6ccb4c2413664c2db6fd>@@@Z@4HA 000000018001cfc0     libucrt:mbctype.obj
 0004:00000fc0       $pdata$?fin$0@?0???$?RV<lambda_aa87e3671a710a21b5dc78c0bdf72e11>@@AEAV<lambda_92619d2358a28f41a33ba319515a20b9>@@V<lambda_6992ecaafeb10aed2b74cb1fae11a551>@@@?$__crt_seh_guarded_call@X@@QEAAX$$QEAV<lambda_aa87e3671a710a21b5dc78c0bdf72e11>@@AEAV<lambda_92619d2358a28f41a33ba319515a20b9>@@$$QEAV<lambda_6992ecaafeb10aed2b74cb1fae11a551>@@@Z@4HA 000000018001cfc0     libucrt:per_thread_data.obj
 0004:00000fc0       $pdata$?fin$0@?0???$?RV<lambda_0ae27a3a962d80f24befdcbee591983d>@@AEAV<lambda_8d0ee55de4b1038c4002e0adecdf1839>@@V<lambda_dc504788e8f1664fe9b84e20bfb512f2>@@@?$__crt_seh_guarded_call@X@@QEAAX$$QEAV<lambda_0ae27a3a962d80f24befdcbee591983d>@@AEAV<lambda_8d0ee55de4b1038c4002e0adecdf1839>@@$$QEAV<lambda_dc504788e8f1664fe9b84e20bfb512f2>@@@Z@4HA 000000018001cfc0     libucrt:per_thread_data.obj
 0004:00000fc0       $pdata$?fin$0@?0???$?RV<lambda_f2e299630e499de9f9a165e60fcd3db5>@@AEAV<lambda_2ae9d31cdba2644fcbeaf08da7c24588>@@V<lambda_40d01ff24d0e7b3814fdbdcee8eab3c7>@@@?$__crt_seh_guarded_call@X@@QEAAX$$QEAV<lambda_f2e299630e499de9f9a165e60fcd3db5>@@AEAV<lambda_2ae9d31cdba2644fcbeaf08da7c24588>@@$$QEAV<lambda_40d01ff24d0e7b3814fdbdcee8eab3c7>@@@Z@4HA 000000018001cfc0     libucrt:per_thread_data.obj
 0004:00000fc0       $pdata$?fin$0@?0???$?RV<lambda_7777bce6b2f8c936911f934f8298dc43>@@AEAV<lambda_f03950bc5685219e0bcd2087efbe011e>@@V<lambda_3883c3dff614d5e0c5f61bb1ac94921c>@@@?$__crt_seh_guarded_call@H@@QEAAH$$QEAV<lambda_7777bce6b2f8c936911f934f8298dc43>@@AEAV<lambda_f03950bc5685219e0bcd2087efbe011e>@@$$QEAV<lambda_3883c3dff614d5e0c5f61bb1ac94921c>@@@Z@4HA 000000018001cfc0     libucrt:onexit.obj
 0004:00000fc0       $pdata$?fin$0@?0???$?RV<lambda_d80eeec6fff315bfe5c115232f3240e3>@@AEAV<lambda_6e4b09c48022b2350581041d5f6b0c4c>@@V<lambda_2358e3775559c9db80273638284d5e45>@@@?$__crt_seh_guarded_call@X@@QEAAX$$QEAV<lambda_d80eeec6fff315bfe5c115232f3240e3>@@AEAV<lambda_6e4b09c48022b2350581041d5f6b0c4c>@@$$QEAV<lambda_2358e3775559c9db80273638284d5e45>@@@Z@4HA 000000018001cfc0     libucrt:exit.obj
 0004:00000fc0       $pdata$?fin$0@?0???$?RV<lambda_450d765d439847d4c735a33c368b5fc0>@@AEAV<lambda_44731a7d0e6d81c3e6aa82d741081786>@@V<lambda_601a2a7da3b7a96e9554ac7215c4b07c>@@@?$__crt_seh_guarded_call@P6AXH@Z@@QEAAP6AXH@Z$$QEAV<lambda_450d765d439847d4c735a33c368b5fc0>@@AEAV<lambda_44731a7d0e6d81c3e6aa82d741081786>@@$$QEAV<lambda_601a2a7da3b7a96e9554ac7215c4b07c>@@@Z@4HA 000000018001cfc0     libucrt:signal.obj
 0004:00000fc0       $pdata$?fin$0@?0???$?RV<lambda_2d41944a1d46af3157314b8a01080d33>@@AEAV<lambda_8f455de75cd7d7f24b4096f044d8b9e6>@@V<lambda_aa500f224e6afead328df44964fe2772>@@@?$__crt_seh_guarded_call@X@@QEAAX$$QEAV<lambda_2d41944a1d46af3157314b8a01080d33>@@AEAV<lambda_8f455de75cd7d7f24b4096f044d8b9e6>@@$$QEAV<lambda_aa500f224e6afead328df44964fe2772>@@@Z@4HA 000000018001cfc0     libucrt:per_thread_data.obj
 0004:00000fcc       $pdata$?filt$0@?0???R<lambda_6e4b09c48022b2350581041d5f6b0c4c>@@QEBA@XZ@4HA 000000018001cfcc     libucrt:exit.obj
 0004:00000fd8       $pdata$?fin$0@?0???$?RV<lambda_410d79af7f07d98d83a3f525b3859a53>@@AEAV<lambda_3e16ef9562a7dcce91392c22ab16ea36>@@V<lambda_38119f0e861e05405d8a144b9b982f0a>@@@?$__crt_seh_guarded_call@X@@QEAAX$$QEAV<lambda_410d79af7f07d98d83a3f525b3859a53>@@AEAV<lambda_3e16ef9562a7dcce91392c22ab16ea36>@@$$QEAV<lambda_38119f0e861e05405d8a144b9b982f0a>@@@Z@4HA 000000018001cfd8     libucrt:wsetlocale.obj
 0004:00000fe4       $pdata$?fin$0@?0??update_thread_multibyte_data_internal@@YAPEAU__crt_multibyte_data@@QEAU__acrt_ptd@@QEAPEAU1@@Z@4HA 000000018001cfe4     libucrt:mbctype.obj
 0004:00000ff0       $pdata$__acrt_initialize_lowio$fin$0 000000018001cff0     libucrt:ioinit.obj
 0004:00000ff0       $pdata$__acrt_lowio_ensure_fh_exists$fin$0 000000018001cff0     libucrt:osfinfo.obj
 0004:00000ffc       $pdata$_query_new_handler$fin$0 000000018001cffc     libucrt:new_handler.obj
 0004:00001008       $pdata$raise$fin$0         000000018001d008     libucrt:signal.obj
 0004:00001014       $pdata$?fin$0@?0???$?RV<lambda_842d9ff0dc9ef11c61343bbaebe7f885>@@AEAV<lambda_c5860995281e5c4ce005b3de8f5874ee>@@V<lambda_d90129c13df834fdcbf8d2b88dafcf2d>@@@?$__crt_seh_guarded_call@X@@QEAAX$$QEAV<lambda_842d9ff0dc9ef11c61343bbaebe7f885>@@AEAV<lambda_c5860995281e5c4ce005b3de8f5874ee>@@$$QEAV<lambda_d90129c13df834fdcbf8d2b88dafcf2d>@@@Z@4HA 000000018001d014     libucrt:fflush.obj
 0004:00001020       $pdata$?fin$0@?0???$?RV<lambda_886d6c58226a84441f68b9f2b8217b83>@@AEAV<lambda_ab61a845afdef5b7c387490eaf3616ee>@@V<lambda_f7f22ab5edc0698d5f6905b0d3f44752>@@@?$__crt_seh_guarded_call@X@@QEAAX$$QEAV<lambda_886d6c58226a84441f68b9f2b8217b83>@@AEAV<lambda_ab61a845afdef5b7c387490eaf3616ee>@@$$QEAV<lambda_f7f22ab5edc0698d5f6905b0d3f44752>@@@Z@4HA 000000018001d020     libucrt:fflush.obj
 0004:0000102c       $pdata$__acrt_update_thread_locale_data$fin$0 000000018001d02c     libucrt:locale_refcounting.obj
 0004:00001038       $pdata$?fin$0@?0???$?RV<lambda_751a882b2c74d4b022dec766aa51a29a>@@AEAV<lambda_628dfdc04ba53c8bfc02c9951375f3f5>@@V<lambda_f6c7be5f7998530c34de24c7437d6b54>@@@?$__crt_seh_guarded_call@H@@QEAAH$$QEAV<lambda_751a882b2c74d4b022dec766aa51a29a>@@AEAV<lambda_628dfdc04ba53c8bfc02c9951375f3f5>@@$$QEAV<lambda_f6c7be5f7998530c34de24c7437d6b54>@@@Z@4HA 000000018001d038     libucrt:close.obj
 0004:00001038       $pdata$?fin$0@?0???$?RV<lambda_a37b2b86f63e897a80ea819b0eb08c01>@@AEAV<lambda_38ce7e780aa69e748d6df282ebc68efe>@@V<lambda_99fb1378e971ab6e7edea83e3a7a83a2>@@@?$__crt_seh_guarded_call@H@@QEAAH$$QEAV<lambda_a37b2b86f63e897a80ea819b0eb08c01>@@AEAV<lambda_38ce7e780aa69e748d6df282ebc68efe>@@$$QEAV<lambda_99fb1378e971ab6e7edea83e3a7a83a2>@@@Z@4HA 000000018001d038     libucrt:commit.obj
 0004:00001044       $pdata$_write$fin$0        000000018001d044     libucrt:write.obj
 0004:00001050       $pdata$_fcloseall$fin$0    000000018001d050     libucrt:closeall.obj
 0004:0000105c       $pdata$fclose$fin$0        000000018001d05c     libucrt:fclose.obj
 0004:00001068       $pdata$_ctrlfp$filt$0      000000018001d068     libucrt:fpctrl.obj
 0004:00001074       $pdata$_IsNonwritableInCurrentImage$filt$0 000000018001d074     LIBCMT:pesect.obj
 0005:00000060       $R000000                   000000018001e060     * linker generated manifest res *

 Exports

  ordinal    name

        1    _register_hello_
